{"model": "r1", "excite": 1, "rects": 5, "sheets": 0, "cells": 4682240, "mesh": [321, 473, 32], "min_cell_at": [[0.05, 8.05], [0.05, -10.95], [0.02159, 0.1999]]}
openEMS - evaluating the end criteria on a fixed timestep schedule for a machine-independent stopping point (reduces speed)
openEMS - fixed number of threads: 8
 ----------------------------------------------------------------------
 | openEMS 64bit -- version v0.37.0-rc3
 | (C) 2010-2026 openEMS project (upstream copyright banner; e-mail redacted for the privacy scan)
 ----------------------------------------------------------------------
	Used external libraries:
		CSXCAD -- Version: v0.7.0-rc3
		hdf5   -- Version: 1.10.10
		          compiled against: HDF5 library version: 1.10.10
		tinyxml -- compiled against: 2.6.2
		fparser
		boost  -- compiled against: 1_83
		vtk -- Version: 9.1.0
		       compiled against: 9.1.0

Create FDTD operator (compressed SSE + multi-threading)
FDTD simulation size: 321x473x32 --> 4.85866e+06 FDTD cells
FDTD timestep is: 5.88045e-14 s; Nyquist rate: 1062 timesteps @8.00636e+09 Hz
openEMS::SetupFDTD: Warning, the timestep seems to be very small --> long simulation. Check your mesh!?
Excitation signal length is: 13920 timesteps (8.18558e-10s)
Max. number of timesteps: 600000 ( --> 43.1034 * Excitation signal length)
Create FDTD engine (compressed SSE + multi-threading)
Running FDTD engine... this may take a while... grab a cup of coffee?!?
Exact-endcriteria: evaluating the end criteria every 1062 timestep(s) (this excitation's Nyquist rate)
[@        4s] Timestep:          265 || Speed:  283.5 MC/s (1.714e-02 s/TS) || Energy: ~0.00e+00 (- 0.00dB)
[@        8s] Timestep:          530 || Speed:  294.1 MC/s (1.652e-02 s/TS) || Energy: ~0.00e+00 (- 0.00dB)
[@       13s] Timestep:          795 || Speed:  279.4 MC/s (1.739e-02 s/TS) || Energy: ~0.00e+00 (- 0.00dB)
[@       18s] Timestep:         1060 || Speed:  281.2 MC/s (1.728e-02 s/TS) || Energy: ~0.00e+00 (- 0.00dB)
[@       22s] Timestep:         1325 || Speed:  289.1 MC/s (1.681e-02 s/TS) || Energy: ~1.74e-21 (- 0.00dB)
[@       26s] Timestep:         1590 || Speed:  303.9 MC/s (1.599e-02 s/TS) || Energy: ~1.74e-21 (- 0.00dB)
[@       31s] Timestep:         1855 || Speed:  294.0 MC/s (1.652e-02 s/TS) || Energy: ~1.74e-21 (- 0.00dB)
[@       35s] Timestep:         2120 || Speed:  300.3 MC/s (1.618e-02 s/TS) || Energy: ~1.74e-21 (- 0.00dB)
[@       39s] Timestep:         2385 || Speed:  291.5 MC/s (1.667e-02 s/TS) || Energy: ~6.02e-20 (- 0.00dB)
[@       44s] Timestep:         2650 || Speed:  301.6 MC/s (1.611e-02 s/TS) || Energy: ~6.02e-20 (- 0.00dB)
[@       48s] Timestep:         2915 || Speed:  299.3 MC/s (1.623e-02 s/TS) || Energy: ~6.02e-20 (- 0.00dB)
[@       52s] Timestep:         3180 || Speed:  302.1 MC/s (1.608e-02 s/TS) || Energy: ~6.02e-20 (- 0.00dB)
[@       56s] Timestep:         3445 || Speed:  301.7 MC/s (1.610e-02 s/TS) || Energy: ~6.23e-18 (- 0.00dB)
[@     1m01s] Timestep:         3710 || Speed:  301.1 MC/s (1.614e-02 s/TS) || Energy: ~6.23e-18 (- 0.00dB)
[@     1m05s] Timestep:         3975 || Speed:  286.2 MC/s (1.698e-02 s/TS) || Energy: ~6.23e-18 (- 0.00dB)
[@     1m10s] Timestep:         4240 || Speed:  298.5 MC/s (1.628e-02 s/TS) || Energy: ~6.23e-18 (- 0.00dB)
[@     1m14s] Timestep:         4505 || Speed:  298.8 MC/s (1.626e-02 s/TS) || Energy: ~2.82e-17 (- 0.00dB)
[@     1m18s] Timestep:         4770 || Speed:  303.8 MC/s (1.599e-02 s/TS) || Energy: ~2.82e-17 (- 0.00dB)
[@     1m22s] Timestep:         5035 || Speed:  299.4 MC/s (1.623e-02 s/TS) || Energy: ~2.82e-17 (- 0.00dB)
[@     1m27s] Timestep:         5300 || Speed:  297.0 MC/s (1.636e-02 s/TS) || Energy: ~2.82e-17 (- 0.00dB)
[@     1m31s] Timestep:         5565 || Speed:  303.9 MC/s (1.599e-02 s/TS) || Energy: ~7.25e-16 (- 0.00dB)
[@     1m35s] Timestep:         5830 || Speed:  305.2 MC/s (1.592e-02 s/TS) || Energy: ~7.25e-16 (- 0.00dB)
[@     1m39s] Timestep:         6095 || Speed:  300.4 MC/s (1.617e-02 s/TS) || Energy: ~7.25e-16 (- 0.00dB)
[@     1m44s] Timestep:         6360 || Speed:  300.8 MC/s (1.615e-02 s/TS) || Energy: ~7.25e-16 (- 0.00dB)
[@     1m48s] Timestep:         6625 || Speed:  303.6 MC/s (1.601e-02 s/TS) || Energy: ~1.30e-15 (- 0.00dB)
[@     1m52s] Timestep:         6890 || Speed:  290.9 MC/s (1.670e-02 s/TS) || Energy: ~1.30e-15 (- 0.00dB)
[@     1m57s] Timestep:         7155 || Speed:  273.3 MC/s (1.778e-02 s/TS) || Energy: ~2.98e-15 (- 0.00dB)
[@     2m02s] Timestep:         7420 || Speed:  281.4 MC/s (1.727e-02 s/TS) || Energy: ~2.98e-15 (- 0.00dB)
[@     2m06s] Timestep:         7685 || Speed:  280.8 MC/s (1.731e-02 s/TS) || Energy: ~3.87e-15 (- 0.00dB)
[@     2m11s] Timestep:         7950 || Speed:  280.8 MC/s (1.730e-02 s/TS) || Energy: ~3.87e-15 (- 0.00dB)
[@     2m15s] Timestep:         8215 || Speed:  294.7 MC/s (1.649e-02 s/TS) || Energy: ~3.87e-15 (- 0.00dB)
[@     2m20s] Timestep:         8480 || Speed:  276.0 MC/s (1.760e-02 s/TS) || Energy: ~3.87e-15 (- 0.00dB)
[@     2m25s] Timestep:         8745 || Speed:  281.8 MC/s (1.724e-02 s/TS) || Energy: ~4.20e-15 (- 0.00dB)
[@     2m29s] Timestep:         9010 || Speed:  279.3 MC/s (1.740e-02 s/TS) || Energy: ~4.20e-15 (- 0.00dB)
[@     2m34s] Timestep:         9275 || Speed:  290.3 MC/s (1.673e-02 s/TS) || Energy: ~4.20e-15 (- 0.00dB)
[@     2m38s] Timestep:         9540 || Speed:  301.7 MC/s (1.611e-02 s/TS) || Energy: ~4.20e-15 (- 0.00dB)
[@     2m42s] Timestep:         9805 || Speed:  277.3 MC/s (1.752e-02 s/TS) || Energy: ~1.87e-15 (- 3.51dB)
[@     2m47s] Timestep:        10070 || Speed:  292.6 MC/s (1.660e-02 s/TS) || Energy: ~1.87e-15 (- 3.51dB)
[@     2m51s] Timestep:        10335 || Speed:  292.6 MC/s (1.660e-02 s/TS) || Energy: ~1.87e-15 (- 3.51dB)
[@     2m56s] Timestep:        10600 || Speed:  290.4 MC/s (1.673e-02 s/TS) || Energy: ~1.87e-15 (- 3.51dB)
[@     3m00s] Timestep:        10865 || Speed:  298.6 MC/s (1.627e-02 s/TS) || Energy: ~1.13e-15 (- 5.71dB)
[@     3m05s] Timestep:        11130 || Speed:  285.8 MC/s (1.700e-02 s/TS) || Energy: ~1.13e-15 (- 5.71dB)
[@     3m09s] Timestep:        11395 || Speed:  272.4 MC/s (1.783e-02 s/TS) || Energy: ~1.13e-15 (- 5.71dB)
[@     3m14s] Timestep:        11660 || Speed:  293.1 MC/s (1.657e-02 s/TS) || Energy: ~1.13e-15 (- 5.71dB)
[@     3m18s] Timestep:        11925 || Speed:  303.1 MC/s (1.603e-02 s/TS) || Energy: ~1.15e-16 (-15.61dB)
[@     3m22s] Timestep:        12190 || Speed:  302.1 MC/s (1.608e-02 s/TS) || Energy: ~1.15e-16 (-15.61dB)
[@     3m26s] Timestep:        12455 || Speed:  303.6 MC/s (1.600e-02 s/TS) || Energy: ~1.15e-16 (-15.61dB)
[@     3m31s] Timestep:        12720 || Speed:  302.3 MC/s (1.607e-02 s/TS) || Energy: ~1.15e-16 (-15.61dB)
[@     3m35s] Timestep:        12985 || Speed:  286.6 MC/s (1.695e-02 s/TS) || Energy: ~4.13e-17 (-20.07dB)
[@     3m39s] Timestep:        13250 || Speed:  302.9 MC/s (1.604e-02 s/TS) || Energy: ~4.13e-17 (-20.07dB)
[@     3m44s] Timestep:        13515 || Speed:  302.4 MC/s (1.606e-02 s/TS) || Energy: ~4.13e-17 (-20.07dB)
[@     3m48s] Timestep:        13780 || Speed:  304.6 MC/s (1.595e-02 s/TS) || Energy: ~4.13e-17 (-20.07dB)
[@     3m52s] Timestep:        14045 || Speed:  303.1 MC/s (1.603e-02 s/TS) || Energy: ~6.81e-18 (-27.90dB)
[@     3m57s] Timestep:        14310 || Speed:  287.5 MC/s (1.690e-02 s/TS) || Energy: ~6.81e-18 (-27.90dB)
[@     4m01s] Timestep:        14575 || Speed:  293.5 MC/s (1.655e-02 s/TS) || Energy: ~6.81e-18 (-27.90dB)
[@     4m05s] Timestep:        14840 || Speed:  288.1 MC/s (1.686e-02 s/TS) || Energy: ~6.81e-18 (-27.90dB)
[@     4m10s] Timestep:        15105 || Speed:  293.5 MC/s (1.655e-02 s/TS) || Energy: ~1.92e-18 (-33.39dB)
[@     4m14s] Timestep:        15370 || Speed:  303.1 MC/s (1.603e-02 s/TS) || Energy: ~1.92e-18 (-33.39dB)
[@     4m18s] Timestep:        15635 || Speed:  303.2 MC/s (1.603e-02 s/TS) || Energy: ~1.92e-18 (-33.39dB)
[@     4m23s] Timestep:        15900 || Speed:  303.4 MC/s (1.601e-02 s/TS) || Energy: ~1.92e-18 (-33.39dB)
[@     4m27s] Timestep:        16165 || Speed:  301.9 MC/s (1.609e-02 s/TS) || Energy: ~7.21e-19 (-37.65dB)
[@     4m31s] Timestep:        16430 || Speed:  303.4 MC/s (1.602e-02 s/TS) || Energy: ~7.21e-19 (-37.65dB)
[@     4m35s] Timestep:        16695 || Speed:  300.4 MC/s (1.618e-02 s/TS) || Energy: ~7.21e-19 (-37.65dB)
[@     4m40s] Timestep:        16960 || Speed:  288.4 MC/s (1.684e-02 s/TS) || Energy: ~7.21e-19 (-37.65dB)
[@     4m44s] Timestep:        17225 || Speed:  298.0 MC/s (1.630e-02 s/TS) || Energy: ~3.75e-19 (-40.49dB)
[@     4m48s] Timestep:        17490 || Speed:  302.2 MC/s (1.608e-02 s/TS) || Energy: ~3.75e-19 (-40.49dB)
[@     4m53s] Timestep:        17755 || Speed:  302.6 MC/s (1.606e-02 s/TS) || Energy: ~3.75e-19 (-40.49dB)
[@     4m57s] Timestep:        18020 || Speed:  301.8 MC/s (1.610e-02 s/TS) || Energy: ~3.75e-19 (-40.49dB)
[@     5m01s] Timestep:        18285 || Speed:  293.4 MC/s (1.656e-02 s/TS) || Energy: ~2.44e-19 (-42.35dB)
[@     5m06s] Timestep:        18550 || Speed:  293.4 MC/s (1.656e-02 s/TS) || Energy: ~2.44e-19 (-42.35dB)
[@     5m10s] Timestep:        18815 || Speed:  300.8 MC/s (1.615e-02 s/TS) || Energy: ~2.44e-19 (-42.35dB)
[@     5m14s] Timestep:        19080 || Speed:  300.9 MC/s (1.615e-02 s/TS) || Energy: ~2.44e-19 (-42.35dB)
[@     5m19s] Timestep:        19345 || Speed:  294.2 MC/s (1.651e-02 s/TS) || Energy: ~1.72e-19 (-43.88dB)
[@     5m23s] Timestep:        19610 || Speed:  274.3 MC/s (1.771e-02 s/TS) || Energy: ~1.72e-19 (-43.88dB)
[@     5m28s] Timestep:        19875 || Speed:  278.4 MC/s (1.745e-02 s/TS) || Energy: ~1.72e-19 (-43.88dB)
[@     5m32s] Timestep:        20140 || Speed:  290.1 MC/s (1.675e-02 s/TS) || Energy: ~1.72e-19 (-43.88dB)
[@     5m37s] Timestep:        20405 || Speed:  281.9 MC/s (1.723e-02 s/TS) || Energy: ~1.23e-19 (-45.32dB)
[@     5m41s] Timestep:        20670 || Speed:  287.4 MC/s (1.690e-02 s/TS) || Energy: ~1.23e-19 (-45.32dB)
[@     5m46s] Timestep:        20935 || Speed:  280.9 MC/s (1.730e-02 s/TS) || Energy: ~1.23e-19 (-45.32dB)
[@     5m51s] Timestep:        21200 || Speed:  280.6 MC/s (1.732e-02 s/TS) || Energy: ~1.23e-19 (-45.32dB)
[@     5m55s] Timestep:        21465 || Speed:  278.7 MC/s (1.743e-02 s/TS) || Energy: ~8.94e-20 (-46.71dB)
[@     6m00s] Timestep:        21730 || Speed:  277.5 MC/s (1.751e-02 s/TS) || Energy: ~8.94e-20 (-46.71dB)
[@     6m04s] Timestep:        21995 || Speed:  302.0 MC/s (1.609e-02 s/TS) || Energy: ~8.94e-20 (-46.71dB)
[@     6m09s] Timestep:        22260 || Speed:  277.7 MC/s (1.749e-02 s/TS) || Energy: ~8.94e-20 (-46.71dB)
[@     6m13s] Timestep:        22525 || Speed:  277.5 MC/s (1.751e-02 s/TS) || Energy: ~6.58e-20 (-48.05dB)
[@     6m18s] Timestep:        22790 || Speed:  292.8 MC/s (1.659e-02 s/TS) || Energy: ~6.58e-20 (-48.05dB)
[@     6m22s] Timestep:        23055 || Speed:  285.9 MC/s (1.699e-02 s/TS) || Energy: ~6.58e-20 (-48.05dB)
[@     6m27s] Timestep:        23320 || Speed:  298.6 MC/s (1.627e-02 s/TS) || Energy: ~6.58e-20 (-48.05dB)
[@     6m31s] Timestep:        23585 || Speed:  281.5 MC/s (1.726e-02 s/TS) || Energy: ~4.93e-20 (-49.30dB)
[@     6m36s] Timestep:        23850 || Speed:  297.3 MC/s (1.635e-02 s/TS) || Energy: ~4.93e-20 (-49.30dB)
[@     6m40s] Timestep:        24115 || Speed:  301.8 MC/s (1.610e-02 s/TS) || Energy: ~4.93e-20 (-49.30dB)
[@     6m44s] Timestep:        24380 || Speed:  277.0 MC/s (1.754e-02 s/TS) || Energy: ~4.93e-20 (-49.30dB)
RunFDTD: end-criteria of -50.00dB reached after 24426 timesteps (-50.43dB)
Time for 24426 iterations with 4858656.00 cells : 405.77 sec
Speed: 292.47 MCells/s
exit 0
