{"model": "a04", "excite": 1, "cells": 9780436, "mesh": [564, 203, 87], "vias": 107, "z_axis": 1.6383, "min_cell_at": [[0.03333, 50.3667], [0.0248, -0.635], [0.02159, 1.4681]], "excitation": "openEMS Gaussian (f0 4.5 GHz, fc 3.5 GHz) less its DC content"}
openEMS - evaluating the end criteria on a fixed timestep schedule for a machine-independent stopping point (reduces speed)
openEMS - fixed number of threads: 8
 ----------------------------------------------------------------------
 | openEMS 64bit -- version v0.37.0-rc3
 | (C) 2010-2026 openEMS project (upstream copyright banner; e-mail redacted for the privacy scan)
 ----------------------------------------------------------------------
	Used external libraries:
		CSXCAD -- Version: v0.7.0-rc3
		hdf5   -- Version: 1.10.10
		          compiled against: HDF5 library version: 1.10.10
		tinyxml -- compiled against: 2.6.2
		fparser
		boost  -- compiled against: 1_83
		vtk -- Version: 9.1.0
		       compiled against: 9.1.0

Create FDTD operator (compressed SSE + multi-threading)
FDTD simulation size: 564x203x87 --> 9.9608e+06 FDTD cells
FDTD timestep is: 4.97426e-14 s; Nyquist rate: 1116 timesteps @9.00694e+09 Hz
openEMS::SetupFDTD: Warning, the timestep seems to be very small --> long simulation. Check your mesh!?
Excitation signal length is: 150000 timesteps (7.4614e-09s)
Max. number of timesteps: 150000 ( --> 1 * Excitation signal length)
Create FDTD engine (compressed SSE + multi-threading)
Running FDTD engine... this may take a while... grab a cup of coffee?!?
Exact-endcriteria: evaluating the end criteria every 1116 timestep(s) (this excitation's Nyquist rate)
[@       10s] Timestep:          279 || Speed:  275.0 MC/s (3.623e-02 s/TS) || Energy: ~0.00e+00 (- 0.00dB)
[@       20s] Timestep:          558 || Speed:  266.8 MC/s (3.733e-02 s/TS) || Energy: ~0.00e+00 (- 0.00dB)
[@       30s] Timestep:          837 || Speed:  272.4 MC/s (3.657e-02 s/TS) || Energy: ~0.00e+00 (- 0.00dB)
[@       40s] Timestep:         1116 || Speed:  273.6 MC/s (3.641e-02 s/TS) || Energy: ~4.89e-21 (- 0.00dB)
[@       50s] Timestep:         1395 || Speed:  279.2 MC/s (3.567e-02 s/TS) || Energy: ~4.89e-21 (- 0.00dB)
[@     1m01s] Timestep:         1674 || Speed:  272.3 MC/s (3.658e-02 s/TS) || Energy: ~4.89e-21 (- 0.00dB)
[@     1m11s] Timestep:         1953 || Speed:  273.7 MC/s (3.639e-02 s/TS) || Energy: ~4.89e-21 (- 0.00dB)
[@     1m21s] Timestep:         2232 || Speed:  274.1 MC/s (3.635e-02 s/TS) || Energy: ~8.10e-19 (- 0.00dB)
[@     1m31s] Timestep:         2511 || Speed:  276.2 MC/s (3.607e-02 s/TS) || Energy: ~8.10e-19 (- 0.00dB)
[@     1m41s] Timestep:         2790 || Speed:  274.5 MC/s (3.629e-02 s/TS) || Energy: ~8.10e-19 (- 0.00dB)
[@     1m51s] Timestep:         3069 || Speed:  268.8 MC/s (3.705e-02 s/TS) || Energy: ~8.10e-19 (- 0.00dB)
[@     2m02s] Timestep:         3348 || Speed:  259.8 MC/s (3.834e-02 s/TS) || Energy: ~3.02e-17 (- 0.00dB)
[@     2m13s] Timestep:         3627 || Speed:  259.1 MC/s (3.844e-02 s/TS) || Energy: ~3.02e-17 (- 0.00dB)
[@     2m23s] Timestep:         3906 || Speed:  269.6 MC/s (3.694e-02 s/TS) || Energy: ~3.02e-17 (- 0.00dB)
[@     2m34s] Timestep:         4185 || Speed:  264.3 MC/s (3.768e-02 s/TS) || Energy: ~3.02e-17 (- 0.00dB)
[@     2m44s] Timestep:         4464 || Speed:  259.1 MC/s (3.845e-02 s/TS) || Energy: ~7.18e-16 (- 0.00dB)
[@     2m55s] Timestep:         4743 || Speed:  265.7 MC/s (3.748e-02 s/TS) || Energy: ~7.18e-16 (- 0.00dB)
[@     3m05s] Timestep:         5022 || Speed:  263.8 MC/s (3.776e-02 s/TS) || Energy: ~7.18e-16 (- 0.00dB)
[@     3m16s] Timestep:         5301 || Speed:  257.7 MC/s (3.865e-02 s/TS) || Energy: ~7.18e-16 (- 0.00dB)
[@     3m27s] Timestep:         5580 || Speed:  253.5 MC/s (3.930e-02 s/TS) || Energy: ~1.16e-14 (- 0.00dB)
[@     3m38s] Timestep:         5859 || Speed:  253.7 MC/s (3.926e-02 s/TS) || Energy: ~1.16e-14 (- 0.00dB)
[@     3m49s] Timestep:         6138 || Speed:  251.5 MC/s (3.961e-02 s/TS) || Energy: ~1.16e-14 (- 0.00dB)
[@     4m00s] Timestep:         6417 || Speed:  257.2 MC/s (3.872e-02 s/TS) || Energy: ~1.16e-14 (- 0.00dB)
[@     4m11s] Timestep:         6696 || Speed:  253.0 MC/s (3.937e-02 s/TS) || Energy: ~6.33e-14 (- 0.00dB)
[@     4m21s] Timestep:         6975 || Speed:  264.0 MC/s (3.773e-02 s/TS) || Energy: ~6.33e-14 (- 0.00dB)
[@     4m32s] Timestep:         7254 || Speed:  264.1 MC/s (3.772e-02 s/TS) || Energy: ~6.33e-14 (- 0.00dB)
[@     4m42s] Timestep:         7533 || Speed:  266.6 MC/s (3.737e-02 s/TS) || Energy: ~6.33e-14 (- 0.00dB)
[@     4m53s] Timestep:         7812 || Speed:  265.9 MC/s (3.745e-02 s/TS) || Energy: ~4.71e-13 (- 0.00dB)
[@     5m03s] Timestep:         8091 || Speed:  267.5 MC/s (3.724e-02 s/TS) || Energy: ~4.71e-13 (- 0.00dB)
[@     5m14s] Timestep:         8370 || Speed:  268.0 MC/s (3.716e-02 s/TS) || Energy: ~4.71e-13 (- 0.00dB)
[@     5m24s] Timestep:         8649 || Speed:  265.2 MC/s (3.756e-02 s/TS) || Energy: ~4.71e-13 (- 0.00dB)
[@     5m35s] Timestep:         8928 || Speed:  261.0 MC/s (3.817e-02 s/TS) || Energy: ~4.41e-13 (- 0.28dB)
[@     5m43s] Timestep:         9155 || Speed:  258.6 MC/s (3.852e-02 s/TS) || Energy: ~6.58e-13 (- 0.00dB)
[@     5m56s] Timestep:         9486 || Speed:  255.5 MC/s (3.898e-02 s/TS) || Energy: ~6.58e-13 (- 0.00dB)
[@     6m07s] Timestep:         9765 || Speed:  260.0 MC/s (3.832e-02 s/TS) || Energy: ~6.58e-13 (- 0.00dB)
[@     6m18s] Timestep:        10044 || Speed:  259.7 MC/s (3.835e-02 s/TS) || Energy: ~1.25e-12 (- 0.00dB)
[@     6m29s] Timestep:        10323 || Speed:  252.2 MC/s (3.949e-02 s/TS) || Energy: ~1.25e-12 (- 0.00dB)
[@     6m40s] Timestep:        10602 || Speed:  255.0 MC/s (3.907e-02 s/TS) || Energy: ~1.25e-12 (- 0.00dB)
[@     6m51s] Timestep:        10881 || Speed:  249.3 MC/s (3.995e-02 s/TS) || Energy: ~1.25e-12 (- 0.00dB)
[@     7m02s] Timestep:        11160 || Speed:  248.9 MC/s (4.002e-02 s/TS) || Energy: ~5.64e-13 (- 3.47dB)
[@     7m14s] Timestep:        11439 || Speed:  235.1 MC/s (4.237e-02 s/TS) || Energy: ~5.64e-13 (- 3.47dB)
[@     7m26s] Timestep:        11718 || Speed:  235.1 MC/s (4.237e-02 s/TS) || Energy: ~5.64e-13 (- 3.47dB)
[@     7m37s] Timestep:        11997 || Speed:  235.4 MC/s (4.232e-02 s/TS) || Energy: ~5.64e-13 (- 3.47dB)
[@     7m49s] Timestep:        12276 || Speed:  248.3 MC/s (4.011e-02 s/TS) || Energy: ~7.11e-13 (- 2.46dB)
[@     8m00s] Timestep:        12555 || Speed:  249.1 MC/s (3.999e-02 s/TS) || Energy: ~7.11e-13 (- 2.46dB)
[@     8m11s] Timestep:        12834 || Speed:  244.4 MC/s (4.076e-02 s/TS) || Energy: ~7.11e-13 (- 2.46dB)
[@     8m23s] Timestep:        13113 || Speed:  241.7 MC/s (4.121e-02 s/TS) || Energy: ~7.11e-13 (- 2.46dB)
[@     8m33s] Timestep:        13392 || Speed:  257.0 MC/s (3.876e-02 s/TS) || Energy: ~6.39e-13 (- 2.93dB)
[@     8m44s] Timestep:        13671 || Speed:  253.6 MC/s (3.928e-02 s/TS) || Energy: ~6.39e-13 (- 2.93dB)
[@     8m55s] Timestep:        13950 || Speed:  250.6 MC/s (3.975e-02 s/TS) || Energy: ~6.39e-13 (- 2.93dB)
[@     9m07s] Timestep:        14229 || Speed:  250.8 MC/s (3.971e-02 s/TS) || Energy: ~6.39e-13 (- 2.93dB)
[@     9m17s] Timestep:        14508 || Speed:  255.0 MC/s (3.906e-02 s/TS) || Energy: ~6.68e-13 (- 2.74dB)
[@     9m28s] Timestep:        14787 || Speed:  253.9 MC/s (3.922e-02 s/TS) || Energy: ~6.68e-13 (- 2.74dB)
[@     9m40s] Timestep:        15066 || Speed:  246.9 MC/s (4.034e-02 s/TS) || Energy: ~6.68e-13 (- 2.74dB)
[@     9m51s] Timestep:        15345 || Speed:  254.3 MC/s (3.917e-02 s/TS) || Energy: ~6.68e-13 (- 2.74dB)
[@    10m02s] Timestep:        15624 || Speed:  247.2 MC/s (4.029e-02 s/TS) || Energy: ~8.80e-13 (- 1.53dB)
[@    10m13s] Timestep:        15903 || Speed:  258.1 MC/s (3.859e-02 s/TS) || Energy: ~8.80e-13 (- 1.53dB)
[@    10m24s] Timestep:        16182 || Speed:  253.6 MC/s (3.928e-02 s/TS) || Energy: ~8.80e-13 (- 1.53dB)
[@    10m35s] Timestep:        16461 || Speed:  251.7 MC/s (3.957e-02 s/TS) || Energy: ~8.80e-13 (- 1.53dB)
[@    10m46s] Timestep:        16740 || Speed:  242.2 MC/s (4.112e-02 s/TS) || Energy: ~2.72e-13 (- 6.63dB)
[@    10m57s] Timestep:        17019 || Speed:  250.3 MC/s (3.979e-02 s/TS) || Energy: ~2.72e-13 (- 6.63dB)
[@    11m08s] Timestep:        17298 || Speed:  259.1 MC/s (3.844e-02 s/TS) || Energy: ~2.72e-13 (- 6.63dB)
[@    11m18s] Timestep:        17577 || Speed:  261.7 MC/s (3.807e-02 s/TS) || Energy: ~2.72e-13 (- 6.63dB)
[@    11m29s] Timestep:        17856 || Speed:  260.9 MC/s (3.818e-02 s/TS) || Energy: ~2.30e-13 (- 7.36dB)
[@    11m40s] Timestep:        18135 || Speed:  264.7 MC/s (3.763e-02 s/TS) || Energy: ~2.30e-13 (- 7.36dB)
[@    11m51s] Timestep:        18414 || Speed:  251.9 MC/s (3.955e-02 s/TS) || Energy: ~2.30e-13 (- 7.36dB)
[@    12m02s] Timestep:        18693 || Speed:  253.9 MC/s (3.923e-02 s/TS) || Energy: ~2.30e-13 (- 7.36dB)
[@    12m13s] Timestep:        18972 || Speed:  250.6 MC/s (3.976e-02 s/TS) || Energy: ~2.65e-14 (-16.74dB)
[@    12m23s] Timestep:        19251 || Speed:  258.4 MC/s (3.855e-02 s/TS) || Energy: ~2.65e-14 (-16.74dB)
[@    12m34s] Timestep:        19530 || Speed:  258.8 MC/s (3.849e-02 s/TS) || Energy: ~2.65e-14 (-16.74dB)
[@    12m45s] Timestep:        19809 || Speed:  264.6 MC/s (3.765e-02 s/TS) || Energy: ~2.65e-14 (-16.74dB)
[@    12m56s] Timestep:        20088 || Speed:  256.5 MC/s (3.884e-02 s/TS) || Energy: ~2.40e-14 (-17.17dB)
[@    13m06s] Timestep:        20367 || Speed:  266.9 MC/s (3.732e-02 s/TS) || Energy: ~2.40e-14 (-17.17dB)
[@    13m16s] Timestep:        20646 || Speed:  265.8 MC/s (3.747e-02 s/TS) || Energy: ~2.40e-14 (-17.17dB)
[@    13m27s] Timestep:        20925 || Speed:  251.8 MC/s (3.956e-02 s/TS) || Energy: ~2.40e-14 (-17.17dB)
[@    13m38s] Timestep:        21204 || Speed:  260.6 MC/s (3.823e-02 s/TS) || Energy: ~1.25e-14 (-20.02dB)
[@    13m49s] Timestep:        21483 || Speed:  251.9 MC/s (3.954e-02 s/TS) || Energy: ~1.25e-14 (-20.02dB)
[@    14m00s] Timestep:        21762 || Speed:  260.4 MC/s (3.825e-02 s/TS) || Energy: ~1.25e-14 (-20.02dB)
[@    14m11s] Timestep:        22041 || Speed:  257.4 MC/s (3.870e-02 s/TS) || Energy: ~1.25e-14 (-20.02dB)
[@    14m22s] Timestep:        22320 || Speed:  249.8 MC/s (3.987e-02 s/TS) || Energy: ~1.05e-14 (-20.78dB)
[@    14m33s] Timestep:        22599 || Speed:  255.4 MC/s (3.900e-02 s/TS) || Energy: ~1.05e-14 (-20.78dB)
[@    14m44s] Timestep:        22878 || Speed:  245.7 MC/s (4.055e-02 s/TS) || Energy: ~1.05e-14 (-20.78dB)
[@    14m55s] Timestep:        23157 || Speed:  241.8 MC/s (4.120e-02 s/TS) || Energy: ~1.05e-14 (-20.78dB)
[@    15m07s] Timestep:        23436 || Speed:  251.0 MC/s (3.968e-02 s/TS) || Energy: ~2.88e-15 (-26.39dB)
[@    15m18s] Timestep:        23715 || Speed:  250.9 MC/s (3.969e-02 s/TS) || Energy: ~2.88e-15 (-26.39dB)
[@    15m29s] Timestep:        23994 || Speed:  248.9 MC/s (4.002e-02 s/TS) || Energy: ~2.88e-15 (-26.39dB)
[@    15m40s] Timestep:        24273 || Speed:  243.5 MC/s (4.091e-02 s/TS) || Energy: ~2.88e-15 (-26.39dB)
[@    15m52s] Timestep:        24552 || Speed:  242.3 MC/s (4.112e-02 s/TS) || Energy: ~1.27e-15 (-29.95dB)
[@    16m03s] Timestep:        24831 || Speed:  250.9 MC/s (3.970e-02 s/TS) || Energy: ~1.27e-15 (-29.95dB)
[@    16m13s] Timestep:        25110 || Speed:  262.5 MC/s (3.795e-02 s/TS) || Energy: ~1.27e-15 (-29.95dB)
[@    16m24s] Timestep:        25389 || Speed:  262.8 MC/s (3.790e-02 s/TS) || Energy: ~1.27e-15 (-29.95dB)
[@    16m35s] Timestep:        25668 || Speed:  256.9 MC/s (3.877e-02 s/TS) || Energy: ~4.91e-16 (-34.07dB)
[@    16m46s] Timestep:        25947 || Speed:  245.2 MC/s (4.062e-02 s/TS) || Energy: ~4.91e-16 (-34.07dB)
[@    16m58s] Timestep:        26226 || Speed:  241.6 MC/s (4.123e-02 s/TS) || Energy: ~4.91e-16 (-34.07dB)
[@    17m09s] Timestep:        26505 || Speed:  241.4 MC/s (4.126e-02 s/TS) || Energy: ~4.91e-16 (-34.07dB)
[@    17m20s] Timestep:        26784 || Speed:  244.0 MC/s (4.082e-02 s/TS) || Energy: ~4.31e-16 (-34.64dB)
[@    17m31s] Timestep:        27063 || Speed:  258.1 MC/s (3.859e-02 s/TS) || Energy: ~4.31e-16 (-34.64dB)
[@    17m42s] Timestep:        27342 || Speed:  260.8 MC/s (3.819e-02 s/TS) || Energy: ~4.31e-16 (-34.64dB)
[@    17m52s] Timestep:        27621 || Speed:  262.6 MC/s (3.793e-02 s/TS) || Energy: ~4.31e-16 (-34.64dB)
[@    18m03s] Timestep:        27900 || Speed:  268.1 MC/s (3.715e-02 s/TS) || Energy: ~1.96e-16 (-38.05dB)
[@    18m14s] Timestep:        28179 || Speed:  254.4 MC/s (3.915e-02 s/TS) || Energy: ~1.96e-16 (-38.05dB)
[@    18m24s] Timestep:        28458 || Speed:  262.5 MC/s (3.795e-02 s/TS) || Energy: ~1.96e-16 (-38.05dB)
[@    18m35s] Timestep:        28737 || Speed:  263.9 MC/s (3.775e-02 s/TS) || Energy: ~1.96e-16 (-38.05dB)
[@    18m45s] Timestep:        29016 || Speed:  267.6 MC/s (3.722e-02 s/TS) || Energy: ~9.55e-17 (-41.18dB)
[@    18m55s] Timestep:        29295 || Speed:  274.0 MC/s (3.636e-02 s/TS) || Energy: ~9.55e-17 (-41.18dB)
[@    19m06s] Timestep:        29574 || Speed:  269.6 MC/s (3.695e-02 s/TS) || Energy: ~9.55e-17 (-41.18dB)
[@    19m16s] Timestep:        29853 || Speed:  269.8 MC/s (3.692e-02 s/TS) || Energy: ~9.55e-17 (-41.18dB)
[@    19m26s] Timestep:        30132 || Speed:  275.6 MC/s (3.614e-02 s/TS) || Energy: ~3.72e-17 (-45.27dB)
[@    19m36s] Timestep:        30411 || Speed:  270.2 MC/s (3.686e-02 s/TS) || Energy: ~3.72e-17 (-45.27dB)
[@    19m46s] Timestep:        30690 || Speed:  275.5 MC/s (3.616e-02 s/TS) || Energy: ~3.72e-17 (-45.27dB)
[@    19m57s] Timestep:        30969 || Speed:  265.4 MC/s (3.753e-02 s/TS) || Energy: ~3.72e-17 (-45.27dB)
[@    20m08s] Timestep:        31248 || Speed:  258.0 MC/s (3.860e-02 s/TS) || Energy: ~1.61e-17 (-48.91dB)
[@    20m19s] Timestep:        31527 || Speed:  255.1 MC/s (3.905e-02 s/TS) || Energy: ~1.61e-17 (-48.91dB)
[@    20m29s] Timestep:        31806 || Speed:  259.8 MC/s (3.835e-02 s/TS) || Energy: ~1.61e-17 (-48.91dB)
[@    20m40s] Timestep:        32085 || Speed:  259.8 MC/s (3.834e-02 s/TS) || Energy: ~1.61e-17 (-48.91dB)
[@    20m51s] Timestep:        32364 || Speed:  256.8 MC/s (3.879e-02 s/TS) || Energy: ~1.03e-17 (-50.86dB)
Time for 32364 iterations with 9960804.00 cells : 1251.29 sec
Speed: 257.63 MCells/s
exit 0
