{"model": "d1", "excite": 2, "rects": 83, "sheets": 0, "cells": 6135024, "mesh": [373, 533, 32], "min_cell_at": [[0.05, 8.05], [0.05, -12.45], [0.02159, 0.1999]]}
openEMS - evaluating the end criteria on a fixed timestep schedule for a machine-independent stopping point (reduces speed)
openEMS - fixed number of threads: 8
 ----------------------------------------------------------------------
 | openEMS 64bit -- version v0.37.0-rc3
 | (C) 2010-2026 openEMS project (upstream copyright banner; e-mail redacted for the privacy scan)
 ----------------------------------------------------------------------
	Used external libraries:
		CSXCAD -- Version: v0.7.0-rc3
		hdf5   -- Version: 1.10.10
		          compiled against: HDF5 library version: 1.10.10
		tinyxml -- compiled against: 2.6.2
		fparser
		boost  -- compiled against: 1_83
		vtk -- Version: 9.1.0
		       compiled against: 9.1.0

Create FDTD operator (compressed SSE + multi-threading)
FDTD simulation size: 373x533x32 --> 6.36189e+06 FDTD cells
FDTD timestep is: 5.88045e-14 s; Nyquist rate: 1062 timesteps @8.00636e+09 Hz
openEMS::SetupFDTD: Warning, the timestep seems to be very small --> long simulation. Check your mesh!?
Excitation signal length is: 13920 timesteps (8.18558e-10s)
Max. number of timesteps: 600000 ( --> 43.1034 * Excitation signal length)
Create FDTD engine (compressed SSE + multi-threading)
Running FDTD engine... this may take a while... grab a cup of coffee?!?
Exact-endcriteria: evaluating the end criteria every 1062 timestep(s) (this excitation's Nyquist rate)
[@        6s] Timestep:          265 || Speed:  261.1 MC/s (2.437e-02 s/TS) || Energy: ~0.00e+00 (- 0.00dB)
[@       12s] Timestep:          530 || Speed:  260.9 MC/s (2.438e-02 s/TS) || Energy: ~0.00e+00 (- 0.00dB)
[@       19s] Timestep:          795 || Speed:  268.4 MC/s (2.370e-02 s/TS) || Energy: ~0.00e+00 (- 0.00dB)
[@       25s] Timestep:         1060 || Speed:  278.7 MC/s (2.283e-02 s/TS) || Energy: ~0.00e+00 (- 0.00dB)
[@       31s] Timestep:         1325 || Speed:  283.3 MC/s (2.246e-02 s/TS) || Energy: ~1.74e-21 (- 0.00dB)
[@       37s] Timestep:         1590 || Speed:  282.0 MC/s (2.256e-02 s/TS) || Energy: ~1.74e-21 (- 0.00dB)
[@       43s] Timestep:         1855 || Speed:  287.4 MC/s (2.213e-02 s/TS) || Energy: ~1.74e-21 (- 0.00dB)
[@       48s] Timestep:         2120 || Speed:  283.4 MC/s (2.244e-02 s/TS) || Energy: ~1.74e-21 (- 0.00dB)
[@       55s] Timestep:         2385 || Speed:  267.8 MC/s (2.376e-02 s/TS) || Energy: ~5.45e-20 (- 0.00dB)
[@     1m01s] Timestep:         2650 || Speed:  280.3 MC/s (2.269e-02 s/TS) || Energy: ~5.45e-20 (- 0.00dB)
[@     1m07s] Timestep:         2915 || Speed:  272.0 MC/s (2.339e-02 s/TS) || Energy: ~5.45e-20 (- 0.00dB)
[@     1m13s] Timestep:         3180 || Speed:  260.0 MC/s (2.447e-02 s/TS) || Energy: ~5.45e-20 (- 0.00dB)
[@     1m20s] Timestep:         3445 || Speed:  270.6 MC/s (2.351e-02 s/TS) || Energy: ~6.05e-18 (- 0.00dB)
[@     1m26s] Timestep:         3710 || Speed:  286.4 MC/s (2.221e-02 s/TS) || Energy: ~6.05e-18 (- 0.00dB)
[@     1m32s] Timestep:         3975 || Speed:  280.7 MC/s (2.266e-02 s/TS) || Energy: ~6.05e-18 (- 0.00dB)
[@     1m38s] Timestep:         4240 || Speed:  284.6 MC/s (2.235e-02 s/TS) || Energy: ~6.05e-18 (- 0.00dB)
[@     1m43s] Timestep:         4505 || Speed:  286.3 MC/s (2.222e-02 s/TS) || Energy: ~2.76e-17 (- 0.00dB)
[@     1m50s] Timestep:         4770 || Speed:  277.0 MC/s (2.297e-02 s/TS) || Energy: ~2.76e-17 (- 0.00dB)
[@     1m55s] Timestep:         5035 || Speed:  286.4 MC/s (2.222e-02 s/TS) || Energy: ~2.76e-17 (- 0.00dB)
[@     2m01s] Timestep:         5300 || Speed:  283.9 MC/s (2.241e-02 s/TS) || Energy: ~2.76e-17 (- 0.00dB)
[@     2m07s] Timestep:         5565 || Speed:  282.5 MC/s (2.252e-02 s/TS) || Energy: ~6.48e-16 (- 0.00dB)
[@     2m13s] Timestep:         5830 || Speed:  286.0 MC/s (2.225e-02 s/TS) || Energy: ~6.48e-16 (- 0.00dB)
[@     2m19s] Timestep:         6095 || Speed:  279.1 MC/s (2.279e-02 s/TS) || Energy: ~6.48e-16 (- 0.00dB)
[@     2m25s] Timestep:         6360 || Speed:  285.1 MC/s (2.231e-02 s/TS) || Energy: ~6.48e-16 (- 0.00dB)
[@     2m31s] Timestep:         6625 || Speed:  286.8 MC/s (2.218e-02 s/TS) || Energy: ~1.41e-15 (- 0.00dB)
[@     2m37s] Timestep:         6890 || Speed:  279.2 MC/s (2.278e-02 s/TS) || Energy: ~1.41e-15 (- 0.00dB)
[@     2m43s] Timestep:         7155 || Speed:  285.2 MC/s (2.231e-02 s/TS) || Energy: ~2.52e-15 (- 0.00dB)
[@     2m49s] Timestep:         7420 || Speed:  285.2 MC/s (2.231e-02 s/TS) || Energy: ~2.52e-15 (- 0.00dB)
[@     2m55s] Timestep:         7685 || Speed:  280.2 MC/s (2.270e-02 s/TS) || Energy: ~3.24e-15 (- 0.00dB)
[@     3m01s] Timestep:         7950 || Speed:  287.3 MC/s (2.214e-02 s/TS) || Energy: ~3.24e-15 (- 0.00dB)
[@     3m07s] Timestep:         8215 || Speed:  280.4 MC/s (2.269e-02 s/TS) || Energy: ~3.24e-15 (- 0.00dB)
[@     3m13s] Timestep:         8480 || Speed:  286.3 MC/s (2.222e-02 s/TS) || Energy: ~3.24e-15 (- 0.00dB)
[@     3m19s] Timestep:         8745 || Speed:  286.1 MC/s (2.224e-02 s/TS) || Energy: ~3.90e-15 (- 0.00dB)
[@     3m25s] Timestep:         9010 || Speed:  272.6 MC/s (2.334e-02 s/TS) || Energy: ~3.90e-15 (- 0.00dB)
[@     3m31s] Timestep:         9275 || Speed:  286.6 MC/s (2.220e-02 s/TS) || Energy: ~3.90e-15 (- 0.00dB)
[@     3m36s] Timestep:         9540 || Speed:  290.3 MC/s (2.191e-02 s/TS) || Energy: ~3.90e-15 (- 0.00dB)
[@     3m43s] Timestep:         9805 || Speed:  271.1 MC/s (2.347e-02 s/TS) || Energy: ~1.87e-15 (- 3.19dB)
[@     3m49s] Timestep:        10070 || Speed:  286.6 MC/s (2.220e-02 s/TS) || Energy: ~1.87e-15 (- 3.19dB)
[@     3m54s] Timestep:        10335 || Speed:  287.0 MC/s (2.217e-02 s/TS) || Energy: ~1.87e-15 (- 3.19dB)
[@     4m01s] Timestep:        10600 || Speed:  272.4 MC/s (2.336e-02 s/TS) || Energy: ~1.87e-15 (- 3.19dB)
[@     4m07s] Timestep:        10865 || Speed:  269.7 MC/s (2.358e-02 s/TS) || Energy: ~8.96e-16 (- 6.39dB)
[@     4m13s] Timestep:        11130 || Speed:  269.2 MC/s (2.363e-02 s/TS) || Energy: ~8.96e-16 (- 6.39dB)
[@     4m19s] Timestep:        11395 || Speed:  280.5 MC/s (2.268e-02 s/TS) || Energy: ~8.96e-16 (- 6.39dB)
[@     4m25s] Timestep:        11660 || Speed:  289.9 MC/s (2.194e-02 s/TS) || Energy: ~8.96e-16 (- 6.39dB)
[@     4m31s] Timestep:        11925 || Speed:  285.4 MC/s (2.229e-02 s/TS) || Energy: ~1.32e-16 (-14.70dB)
[@     4m37s] Timestep:        12190 || Speed:  291.2 MC/s (2.185e-02 s/TS) || Energy: ~1.32e-16 (-14.70dB)
[@     4m42s] Timestep:        12455 || Speed:  291.5 MC/s (2.182e-02 s/TS) || Energy: ~1.32e-16 (-14.70dB)
[@     4m48s] Timestep:        12720 || Speed:  281.7 MC/s (2.258e-02 s/TS) || Energy: ~1.32e-16 (-14.70dB)
[@     4m54s] Timestep:        12985 || Speed:  291.0 MC/s (2.186e-02 s/TS) || Energy: ~3.32e-17 (-20.70dB)
[@     5m00s] Timestep:        13250 || Speed:  291.5 MC/s (2.183e-02 s/TS) || Energy: ~3.32e-17 (-20.70dB)
[@     5m06s] Timestep:        13515 || Speed:  283.3 MC/s (2.245e-02 s/TS) || Energy: ~3.32e-17 (-20.70dB)
[@     5m12s] Timestep:        13780 || Speed:  291.0 MC/s (2.186e-02 s/TS) || Energy: ~3.32e-17 (-20.70dB)
[@     5m18s] Timestep:        14045 || Speed:  287.8 MC/s (2.211e-02 s/TS) || Energy: ~6.76e-18 (-27.62dB)
[@     5m24s] Timestep:        14310 || Speed:  282.8 MC/s (2.249e-02 s/TS) || Energy: ~6.76e-18 (-27.62dB)
[@     5m29s] Timestep:        14575 || Speed:  289.4 MC/s (2.198e-02 s/TS) || Energy: ~6.76e-18 (-27.62dB)
[@     5m35s] Timestep:        14840 || Speed:  291.0 MC/s (2.186e-02 s/TS) || Energy: ~6.76e-18 (-27.62dB)
[@     5m41s] Timestep:        15105 || Speed:  279.7 MC/s (2.274e-02 s/TS) || Energy: ~1.72e-18 (-33.55dB)
[@     5m47s] Timestep:        15370 || Speed:  289.3 MC/s (2.199e-02 s/TS) || Energy: ~1.72e-18 (-33.55dB)
[@     5m53s] Timestep:        15635 || Speed:  290.2 MC/s (2.192e-02 s/TS) || Energy: ~1.72e-18 (-33.55dB)
[@     5m59s] Timestep:        15900 || Speed:  283.3 MC/s (2.246e-02 s/TS) || Energy: ~1.72e-18 (-33.55dB)
[@     6m05s] Timestep:        16165 || Speed:  287.9 MC/s (2.210e-02 s/TS) || Energy: ~5.69e-19 (-38.36dB)
[@     6m10s] Timestep:        16430 || Speed:  289.3 MC/s (2.199e-02 s/TS) || Energy: ~5.69e-19 (-38.36dB)
[@     6m16s] Timestep:        16695 || Speed:  285.7 MC/s (2.227e-02 s/TS) || Energy: ~5.69e-19 (-38.36dB)
[@     6m22s] Timestep:        16960 || Speed:  284.7 MC/s (2.234e-02 s/TS) || Energy: ~5.69e-19 (-38.36dB)
[@     6m28s] Timestep:        17225 || Speed:  289.8 MC/s (2.195e-02 s/TS) || Energy: ~2.73e-19 (-41.55dB)
[@     6m34s] Timestep:        17490 || Speed:  286.7 MC/s (2.219e-02 s/TS) || Energy: ~2.73e-19 (-41.55dB)
[@     6m40s] Timestep:        17755 || Speed:  284.2 MC/s (2.238e-02 s/TS) || Energy: ~2.73e-19 (-41.55dB)
[@     6m46s] Timestep:        18020 || Speed:  290.9 MC/s (2.187e-02 s/TS) || Energy: ~2.73e-19 (-41.55dB)
[@     6m52s] Timestep:        18285 || Speed:  290.1 MC/s (2.193e-02 s/TS) || Energy: ~1.71e-19 (-43.57dB)
[@     6m57s] Timestep:        18550 || Speed:  284.6 MC/s (2.235e-02 s/TS) || Energy: ~1.71e-19 (-43.57dB)
[@     7m03s] Timestep:        18815 || Speed:  291.0 MC/s (2.186e-02 s/TS) || Energy: ~1.71e-19 (-43.57dB)
[@     7m09s] Timestep:        19080 || Speed:  289.8 MC/s (2.196e-02 s/TS) || Energy: ~1.71e-19 (-43.57dB)
[@     7m15s] Timestep:        19345 || Speed:  283.2 MC/s (2.246e-02 s/TS) || Energy: ~1.22e-19 (-45.05dB)
[@     7m21s] Timestep:        19610 || Speed:  290.8 MC/s (2.188e-02 s/TS) || Energy: ~1.22e-19 (-45.05dB)
[@     7m27s] Timestep:        19875 || Speed:  290.4 MC/s (2.190e-02 s/TS) || Energy: ~1.22e-19 (-45.05dB)
[@     7m33s] Timestep:        20140 || Speed:  285.4 MC/s (2.229e-02 s/TS) || Energy: ~1.22e-19 (-45.05dB)
[@     7m38s] Timestep:        20405 || Speed:  292.5 MC/s (2.175e-02 s/TS) || Energy: ~9.12e-20 (-46.31dB)
[@     7m44s] Timestep:        20670 || Speed:  293.3 MC/s (2.169e-02 s/TS) || Energy: ~9.12e-20 (-46.31dB)
[@     7m50s] Timestep:        20935 || Speed:  294.0 MC/s (2.164e-02 s/TS) || Energy: ~9.12e-20 (-46.31dB)
[@     7m56s] Timestep:        21200 || Speed:  290.4 MC/s (2.191e-02 s/TS) || Energy: ~9.12e-20 (-46.31dB)
[@     8m01s] Timestep:        21465 || Speed:  291.6 MC/s (2.182e-02 s/TS) || Energy: ~7.00e-20 (-47.46dB)
[@     8m07s] Timestep:        21730 || Speed:  294.7 MC/s (2.159e-02 s/TS) || Energy: ~7.00e-20 (-47.46dB)
[@     8m13s] Timestep:        21995 || Speed:  293.4 MC/s (2.169e-02 s/TS) || Energy: ~7.00e-20 (-47.46dB)
[@     8m19s] Timestep:        22260 || Speed:  280.2 MC/s (2.271e-02 s/TS) || Energy: ~7.00e-20 (-47.46dB)
[@     8m25s] Timestep:        22525 || Speed:  278.6 MC/s (2.284e-02 s/TS) || Energy: ~5.46e-20 (-48.54dB)
[@     8m31s] Timestep:        22790 || Speed:  277.0 MC/s (2.296e-02 s/TS) || Energy: ~5.46e-20 (-48.54dB)
[@     8m37s] Timestep:        23055 || Speed:  283.4 MC/s (2.245e-02 s/TS) || Energy: ~5.46e-20 (-48.54dB)
[@     8m43s] Timestep:        23320 || Speed:  276.2 MC/s (2.303e-02 s/TS) || Energy: ~5.46e-20 (-48.54dB)
[@     8m49s] Timestep:        23585 || Speed:  276.4 MC/s (2.302e-02 s/TS) || Energy: ~4.32e-20 (-49.55dB)
[@     8m55s] Timestep:        23850 || Speed:  276.3 MC/s (2.302e-02 s/TS) || Energy: ~4.32e-20 (-49.55dB)
[@     9m01s] Timestep:        24115 || Speed:  274.0 MC/s (2.322e-02 s/TS) || Energy: ~4.32e-20 (-49.55dB)
[@     9m08s] Timestep:        24380 || Speed:  273.5 MC/s (2.326e-02 s/TS) || Energy: ~4.32e-20 (-49.55dB)
RunFDTD: end-criteria of -50.00dB reached after 24426 timesteps (-50.50dB)
Time for 24426 iterations with 6361888.00 cells : 549.13 sec
Speed: 282.98 MCells/s
exit 0
