{"model": "d1", "excite": 1, "rects": 83, "sheets": 0, "cells": 6135024, "mesh": [373, 533, 32], "min_cell_at": [[0.05, 8.05], [0.05, -12.45], [0.02159, 0.1999]]}
openEMS - evaluating the end criteria on a fixed timestep schedule for a machine-independent stopping point (reduces speed)
openEMS - fixed number of threads: 8
 ----------------------------------------------------------------------
 | openEMS 64bit -- version v0.37.0-rc3
 | (C) 2010-2026 openEMS project (upstream copyright banner; e-mail redacted for the privacy scan)
 ----------------------------------------------------------------------
	Used external libraries:
		CSXCAD -- Version: v0.7.0-rc3
		hdf5   -- Version: 1.10.10
		          compiled against: HDF5 library version: 1.10.10
		tinyxml -- compiled against: 2.6.2
		fparser
		boost  -- compiled against: 1_83
		vtk -- Version: 9.1.0
		       compiled against: 9.1.0

Create FDTD operator (compressed SSE + multi-threading)
FDTD simulation size: 373x533x32 --> 6.36189e+06 FDTD cells
FDTD timestep is: 5.88045e-14 s; Nyquist rate: 1062 timesteps @8.00636e+09 Hz
openEMS::SetupFDTD: Warning, the timestep seems to be very small --> long simulation. Check your mesh!?
Excitation signal length is: 13920 timesteps (8.18558e-10s)
Max. number of timesteps: 600000 ( --> 43.1034 * Excitation signal length)
Create FDTD engine (compressed SSE + multi-threading)
Running FDTD engine... this may take a while... grab a cup of coffee?!?
Exact-endcriteria: evaluating the end criteria every 1062 timestep(s) (this excitation's Nyquist rate)
[@        5s] Timestep:          265 || Speed:  298.2 MC/s (2.133e-02 s/TS) || Energy: ~0.00e+00 (- 0.00dB)
[@       11s] Timestep:          530 || Speed:  296.5 MC/s (2.146e-02 s/TS) || Energy: ~0.00e+00 (- 0.00dB)
[@       16s] Timestep:          795 || Speed:  302.0 MC/s (2.107e-02 s/TS) || Energy: ~0.00e+00 (- 0.00dB)
[@       22s] Timestep:         1060 || Speed:  297.8 MC/s (2.136e-02 s/TS) || Energy: ~0.00e+00 (- 0.00dB)
[@       28s] Timestep:         1325 || Speed:  286.1 MC/s (2.224e-02 s/TS) || Energy: ~1.74e-21 (- 0.00dB)
[@       34s] Timestep:         1590 || Speed:  276.0 MC/s (2.305e-02 s/TS) || Energy: ~1.74e-21 (- 0.00dB)
[@       40s] Timestep:         1855 || Speed:  279.3 MC/s (2.278e-02 s/TS) || Energy: ~1.74e-21 (- 0.00dB)
[@       46s] Timestep:         2120 || Speed:  290.8 MC/s (2.187e-02 s/TS) || Energy: ~1.74e-21 (- 0.00dB)
[@       52s] Timestep:         2385 || Speed:  277.5 MC/s (2.293e-02 s/TS) || Energy: ~6.00e-20 (- 0.00dB)
[@       58s] Timestep:         2650 || Speed:  275.6 MC/s (2.308e-02 s/TS) || Energy: ~6.00e-20 (- 0.00dB)
[@     1m04s] Timestep:         2915 || Speed:  278.8 MC/s (2.282e-02 s/TS) || Energy: ~6.00e-20 (- 0.00dB)
[@     1m10s] Timestep:         3180 || Speed:  279.6 MC/s (2.276e-02 s/TS) || Energy: ~6.00e-20 (- 0.00dB)
[@     1m16s] Timestep:         3445 || Speed:  295.9 MC/s (2.150e-02 s/TS) || Energy: ~6.18e-18 (- 0.00dB)
[@     1m22s] Timestep:         3710 || Speed:  296.2 MC/s (2.148e-02 s/TS) || Energy: ~6.18e-18 (- 0.00dB)
[@     1m27s] Timestep:         3975 || Speed:  286.6 MC/s (2.220e-02 s/TS) || Energy: ~6.18e-18 (- 0.00dB)
[@     1m33s] Timestep:         4240 || Speed:  293.7 MC/s (2.166e-02 s/TS) || Energy: ~6.18e-18 (- 0.00dB)
[@     1m39s] Timestep:         4505 || Speed:  295.9 MC/s (2.150e-02 s/TS) || Energy: ~2.83e-17 (- 0.00dB)
[@     1m45s] Timestep:         4770 || Speed:  291.8 MC/s (2.180e-02 s/TS) || Energy: ~2.83e-17 (- 0.00dB)
[@     1m50s] Timestep:         5035 || Speed:  290.1 MC/s (2.193e-02 s/TS) || Energy: ~2.83e-17 (- 0.00dB)
[@     1m56s] Timestep:         5300 || Speed:  295.3 MC/s (2.155e-02 s/TS) || Energy: ~2.83e-17 (- 0.00dB)
[@     2m02s] Timestep:         5565 || Speed:  293.7 MC/s (2.166e-02 s/TS) || Energy: ~7.19e-16 (- 0.00dB)
[@     2m08s] Timestep:         5830 || Speed:  294.9 MC/s (2.157e-02 s/TS) || Energy: ~7.19e-16 (- 0.00dB)
[@     2m13s] Timestep:         6095 || Speed:  292.1 MC/s (2.178e-02 s/TS) || Energy: ~7.19e-16 (- 0.00dB)
[@     2m19s] Timestep:         6360 || Speed:  288.2 MC/s (2.208e-02 s/TS) || Energy: ~7.19e-16 (- 0.00dB)
[@     2m25s] Timestep:         6625 || Speed:  290.8 MC/s (2.188e-02 s/TS) || Energy: ~1.25e-15 (- 0.00dB)
[@     2m31s] Timestep:         6890 || Speed:  295.5 MC/s (2.153e-02 s/TS) || Energy: ~1.25e-15 (- 0.00dB)
[@     2m37s] Timestep:         7155 || Speed:  284.0 MC/s (2.240e-02 s/TS) || Energy: ~2.85e-15 (- 0.00dB)
[@     2m43s] Timestep:         7420 || Speed:  279.9 MC/s (2.273e-02 s/TS) || Energy: ~2.85e-15 (- 0.00dB)
[@     2m49s] Timestep:         7685 || Speed:  292.2 MC/s (2.177e-02 s/TS) || Energy: ~3.76e-15 (- 0.00dB)
[@     2m54s] Timestep:         7950 || Speed:  294.1 MC/s (2.163e-02 s/TS) || Energy: ~3.76e-15 (- 0.00dB)
[@     3m00s] Timestep:         8215 || Speed:  286.9 MC/s (2.217e-02 s/TS) || Energy: ~3.76e-15 (- 0.00dB)
[@     3m06s] Timestep:         8480 || Speed:  276.9 MC/s (2.298e-02 s/TS) || Energy: ~3.76e-15 (- 0.00dB)
[@     3m12s] Timestep:         8745 || Speed:  275.7 MC/s (2.307e-02 s/TS) || Energy: ~3.86e-15 (- 0.00dB)
[@     3m18s] Timestep:         9010 || Speed:  275.9 MC/s (2.305e-02 s/TS) || Energy: ~3.86e-15 (- 0.00dB)
[@     3m24s] Timestep:         9275 || Speed:  280.5 MC/s (2.268e-02 s/TS) || Energy: ~3.86e-15 (- 0.00dB)
[@     3m30s] Timestep:         9540 || Speed:  284.2 MC/s (2.239e-02 s/TS) || Energy: ~3.86e-15 (- 0.00dB)
[@     3m36s] Timestep:         9805 || Speed:  285.5 MC/s (2.229e-02 s/TS) || Energy: ~1.51e-15 (- 4.07dB)
[@     3m42s] Timestep:        10070 || Speed:  285.2 MC/s (2.231e-02 s/TS) || Energy: ~1.51e-15 (- 4.07dB)
[@     3m48s] Timestep:        10335 || Speed:  285.5 MC/s (2.229e-02 s/TS) || Energy: ~1.51e-15 (- 4.07dB)
[@     3m54s] Timestep:        10600 || Speed:  282.7 MC/s (2.251e-02 s/TS) || Energy: ~1.51e-15 (- 4.07dB)
[@     4m00s] Timestep:        10865 || Speed:  285.7 MC/s (2.227e-02 s/TS) || Energy: ~9.16e-16 (- 6.25dB)
[@     4m06s] Timestep:        11130 || Speed:  286.7 MC/s (2.219e-02 s/TS) || Energy: ~9.16e-16 (- 6.25dB)
[@     4m12s] Timestep:        11395 || Speed:  287.4 MC/s (2.213e-02 s/TS) || Energy: ~9.16e-16 (- 6.25dB)
[@     4m18s] Timestep:        11660 || Speed:  288.1 MC/s (2.208e-02 s/TS) || Energy: ~9.16e-16 (- 6.25dB)
[@     4m23s] Timestep:        11925 || Speed:  292.2 MC/s (2.177e-02 s/TS) || Energy: ~9.17e-17 (-16.24dB)
[@     4m29s] Timestep:        12190 || Speed:  294.0 MC/s (2.164e-02 s/TS) || Energy: ~9.17e-17 (-16.24dB)
[@     4m35s] Timestep:        12455 || Speed:  294.1 MC/s (2.163e-02 s/TS) || Energy: ~9.17e-17 (-16.24dB)
[@     4m41s] Timestep:        12720 || Speed:  293.7 MC/s (2.166e-02 s/TS) || Energy: ~9.17e-17 (-16.24dB)
[@     4m46s] Timestep:        12985 || Speed:  293.9 MC/s (2.164e-02 s/TS) || Energy: ~3.09e-17 (-20.96dB)
[@     4m52s] Timestep:        13250 || Speed:  294.4 MC/s (2.161e-02 s/TS) || Energy: ~3.09e-17 (-20.96dB)
[@     4m58s] Timestep:        13515 || Speed:  294.4 MC/s (2.161e-02 s/TS) || Energy: ~3.09e-17 (-20.96dB)
[@     5m03s] Timestep:        13780 || Speed:  293.3 MC/s (2.169e-02 s/TS) || Energy: ~3.09e-17 (-20.96dB)
[@     5m09s] Timestep:        14045 || Speed:  293.1 MC/s (2.171e-02 s/TS) || Energy: ~5.78e-18 (-28.24dB)
[@     5m15s] Timestep:        14310 || Speed:  293.9 MC/s (2.165e-02 s/TS) || Energy: ~5.78e-18 (-28.24dB)
[@     5m21s] Timestep:        14575 || Speed:  293.5 MC/s (2.168e-02 s/TS) || Energy: ~5.78e-18 (-28.24dB)
[@     5m26s] Timestep:        14840 || Speed:  293.6 MC/s (2.167e-02 s/TS) || Energy: ~5.78e-18 (-28.24dB)
[@     5m32s] Timestep:        15105 || Speed:  294.9 MC/s (2.157e-02 s/TS) || Energy: ~1.61e-18 (-33.80dB)
[@     5m38s] Timestep:        15370 || Speed:  295.2 MC/s (2.155e-02 s/TS) || Energy: ~1.61e-18 (-33.80dB)
[@     5m44s] Timestep:        15635 || Speed:  295.1 MC/s (2.156e-02 s/TS) || Energy: ~1.61e-18 (-33.80dB)
[@     5m49s] Timestep:        15900 || Speed:  294.8 MC/s (2.158e-02 s/TS) || Energy: ~1.61e-18 (-33.80dB)
[@     5m55s] Timestep:        16165 || Speed:  285.5 MC/s (2.228e-02 s/TS) || Energy: ~6.24e-19 (-37.91dB)
[@     6m01s] Timestep:        16430 || Speed:  294.3 MC/s (2.162e-02 s/TS) || Energy: ~6.24e-19 (-37.91dB)
[@     6m07s] Timestep:        16695 || Speed:  292.4 MC/s (2.175e-02 s/TS) || Energy: ~6.24e-19 (-37.91dB)
[@     6m12s] Timestep:        16960 || Speed:  294.3 MC/s (2.162e-02 s/TS) || Energy: ~6.24e-19 (-37.91dB)
[@     6m18s] Timestep:        17225 || Speed:  294.0 MC/s (2.164e-02 s/TS) || Energy: ~3.27e-19 (-40.72dB)
[@     6m24s] Timestep:        17490 || Speed:  292.8 MC/s (2.173e-02 s/TS) || Energy: ~3.27e-19 (-40.72dB)
[@     6m30s] Timestep:        17755 || Speed:  293.4 MC/s (2.168e-02 s/TS) || Energy: ~3.27e-19 (-40.72dB)
[@     6m35s] Timestep:        18020 || Speed:  294.9 MC/s (2.157e-02 s/TS) || Energy: ~3.27e-19 (-40.72dB)
[@     6m41s] Timestep:        18285 || Speed:  294.4 MC/s (2.161e-02 s/TS) || Energy: ~2.10e-19 (-42.64dB)
[@     6m47s] Timestep:        18550 || Speed:  295.1 MC/s (2.156e-02 s/TS) || Energy: ~2.10e-19 (-42.64dB)
[@     6m53s] Timestep:        18815 || Speed:  294.3 MC/s (2.162e-02 s/TS) || Energy: ~2.10e-19 (-42.64dB)
[@     6m58s] Timestep:        19080 || Speed:  294.0 MC/s (2.164e-02 s/TS) || Energy: ~2.10e-19 (-42.64dB)
[@     7m04s] Timestep:        19345 || Speed:  294.4 MC/s (2.161e-02 s/TS) || Energy: ~1.46e-19 (-44.22dB)
[@     7m10s] Timestep:        19610 || Speed:  293.9 MC/s (2.165e-02 s/TS) || Energy: ~1.46e-19 (-44.22dB)
[@     7m16s] Timestep:        19875 || Speed:  290.8 MC/s (2.188e-02 s/TS) || Energy: ~1.46e-19 (-44.22dB)
[@     7m21s] Timestep:        20140 || Speed:  289.8 MC/s (2.195e-02 s/TS) || Energy: ~1.46e-19 (-44.22dB)
[@     7m27s] Timestep:        20405 || Speed:  288.0 MC/s (2.209e-02 s/TS) || Energy: ~1.05e-19 (-45.64dB)
[@     7m33s] Timestep:        20670 || Speed:  289.8 MC/s (2.195e-02 s/TS) || Energy: ~1.05e-19 (-45.64dB)
[@     7m39s] Timestep:        20935 || Speed:  283.4 MC/s (2.245e-02 s/TS) || Energy: ~1.05e-19 (-45.64dB)
[@     7m45s] Timestep:        21200 || Speed:  290.1 MC/s (2.193e-02 s/TS) || Energy: ~1.05e-19 (-45.64dB)
[@     7m51s] Timestep:        21465 || Speed:  293.3 MC/s (2.169e-02 s/TS) || Energy: ~7.81e-20 (-46.94dB)
[@     7m57s] Timestep:        21730 || Speed:  279.6 MC/s (2.276e-02 s/TS) || Energy: ~7.81e-20 (-46.94dB)
[@     8m02s] Timestep:        21995 || Speed:  290.8 MC/s (2.187e-02 s/TS) || Energy: ~7.81e-20 (-46.94dB)
[@     8m08s] Timestep:        22260 || Speed:  290.2 MC/s (2.192e-02 s/TS) || Energy: ~7.81e-20 (-46.94dB)
[@     8m14s] Timestep:        22525 || Speed:  274.3 MC/s (2.320e-02 s/TS) || Energy: ~5.93e-20 (-48.14dB)
[@     8m20s] Timestep:        22790 || Speed:  277.4 MC/s (2.293e-02 s/TS) || Energy: ~5.93e-20 (-48.14dB)
[@     8m27s] Timestep:        23055 || Speed:  274.9 MC/s (2.315e-02 s/TS) || Energy: ~5.93e-20 (-48.14dB)
[@     8m32s] Timestep:        23320 || Speed:  286.4 MC/s (2.221e-02 s/TS) || Energy: ~5.93e-20 (-48.14dB)
[@     8m39s] Timestep:        23585 || Speed:  273.4 MC/s (2.327e-02 s/TS) || Energy: ~4.62e-20 (-49.22dB)
[@     8m45s] Timestep:        23850 || Speed:  274.3 MC/s (2.319e-02 s/TS) || Energy: ~4.62e-20 (-49.22dB)
[@     8m51s] Timestep:        24115 || Speed:  279.8 MC/s (2.274e-02 s/TS) || Energy: ~4.62e-20 (-49.22dB)
[@     8m57s] Timestep:        24380 || Speed:  273.4 MC/s (2.327e-02 s/TS) || Energy: ~4.62e-20 (-49.22dB)
RunFDTD: end-criteria of -50.00dB reached after 24426 timesteps (-50.19dB)
Time for 24426 iterations with 6361888.00 cells : 538.51 sec
Speed: 288.56 MCells/s
exit 0
