{"model": "r1", "excite": 2, "rects": 5, "sheets": 0, "cells": 4682240, "mesh": [321, 473, 32], "min_cell_at": [[0.05, 8.05], [0.05, -10.95], [0.02159, 0.1999]]}
openEMS - evaluating the end criteria on a fixed timestep schedule for a machine-independent stopping point (reduces speed)
openEMS - fixed number of threads: 8
 ----------------------------------------------------------------------
 | openEMS 64bit -- version v0.37.0-rc3
 | (C) 2010-2026 openEMS project (upstream copyright banner; e-mail redacted for the privacy scan)
 ----------------------------------------------------------------------
	Used external libraries:
		CSXCAD -- Version: v0.7.0-rc3
		hdf5   -- Version: 1.10.10
		          compiled against: HDF5 library version: 1.10.10
		tinyxml -- compiled against: 2.6.2
		fparser
		boost  -- compiled against: 1_83
		vtk -- Version: 9.1.0
		       compiled against: 9.1.0

Create FDTD operator (compressed SSE + multi-threading)
FDTD simulation size: 321x473x32 --> 4.85866e+06 FDTD cells
FDTD timestep is: 5.88045e-14 s; Nyquist rate: 1062 timesteps @8.00636e+09 Hz
openEMS::SetupFDTD: Warning, the timestep seems to be very small --> long simulation. Check your mesh!?
Excitation signal length is: 13920 timesteps (8.18558e-10s)
Max. number of timesteps: 600000 ( --> 43.1034 * Excitation signal length)
Create FDTD engine (compressed SSE + multi-threading)
Running FDTD engine... this may take a while... grab a cup of coffee?!?
Exact-endcriteria: evaluating the end criteria every 1062 timestep(s) (this excitation's Nyquist rate)
[@        7s] Timestep:          530 || Speed:  329.5 MC/s (1.474e-02 s/TS) || Energy: ~0.00e+00 (- 0.00dB)
[@       15s] Timestep:         1060 || Speed:  328.6 MC/s (1.478e-02 s/TS) || Energy: ~0.00e+00 (- 0.00dB)
[@       19s] Timestep:         1325 || Speed:  317.8 MC/s (1.529e-02 s/TS) || Energy: ~1.47e-21 (- 0.00dB)
[@       23s] Timestep:         1590 || Speed:  315.4 MC/s (1.541e-02 s/TS) || Energy: ~1.47e-21 (- 0.00dB)
[@       27s] Timestep:         1855 || Speed:  314.1 MC/s (1.547e-02 s/TS) || Energy: ~1.47e-21 (- 0.00dB)
[@       31s] Timestep:         2120 || Speed:  313.9 MC/s (1.548e-02 s/TS) || Energy: ~1.47e-21 (- 0.00dB)
[@       36s] Timestep:         2385 || Speed:  314.9 MC/s (1.543e-02 s/TS) || Energy: ~4.96e-20 (- 0.00dB)
[@       40s] Timestep:         2650 || Speed:  314.3 MC/s (1.546e-02 s/TS) || Energy: ~4.96e-20 (- 0.00dB)
[@       44s] Timestep:         2915 || Speed:  314.3 MC/s (1.546e-02 s/TS) || Energy: ~4.96e-20 (- 0.00dB)
[@       48s] Timestep:         3180 || Speed:  315.0 MC/s (1.543e-02 s/TS) || Energy: ~4.96e-20 (- 0.00dB)
[@       52s] Timestep:         3445 || Speed:  316.2 MC/s (1.537e-02 s/TS) || Energy: ~5.04e-18 (- 0.00dB)
[@       56s] Timestep:         3710 || Speed:  316.3 MC/s (1.536e-02 s/TS) || Energy: ~5.04e-18 (- 0.00dB)
[@     1m00s] Timestep:         3975 || Speed:  316.2 MC/s (1.536e-02 s/TS) || Energy: ~5.04e-18 (- 0.00dB)
[@     1m04s] Timestep:         4240 || Speed:  315.9 MC/s (1.538e-02 s/TS) || Energy: ~5.04e-18 (- 0.00dB)
[@     1m08s] Timestep:         4505 || Speed:  316.3 MC/s (1.536e-02 s/TS) || Energy: ~2.64e-17 (- 0.00dB)
[@     1m12s] Timestep:         4770 || Speed:  316.8 MC/s (1.534e-02 s/TS) || Energy: ~2.64e-17 (- 0.00dB)
[@     1m16s] Timestep:         5035 || Speed:  315.5 MC/s (1.540e-02 s/TS) || Energy: ~2.64e-17 (- 0.00dB)
[@     1m20s] Timestep:         5300 || Speed:  315.0 MC/s (1.543e-02 s/TS) || Energy: ~2.64e-17 (- 0.00dB)
[@     1m25s] Timestep:         5565 || Speed:  316.4 MC/s (1.536e-02 s/TS) || Energy: ~5.65e-16 (- 0.00dB)
[@     1m29s] Timestep:         5830 || Speed:  316.3 MC/s (1.536e-02 s/TS) || Energy: ~5.65e-16 (- 0.00dB)
[@     1m33s] Timestep:         6095 || Speed:  316.4 MC/s (1.536e-02 s/TS) || Energy: ~5.65e-16 (- 0.00dB)
[@     1m37s] Timestep:         6360 || Speed:  316.2 MC/s (1.537e-02 s/TS) || Energy: ~5.65e-16 (- 0.00dB)
[@     1m41s] Timestep:         6625 || Speed:  314.2 MC/s (1.546e-02 s/TS) || Energy: ~1.15e-15 (- 0.00dB)
[@     1m45s] Timestep:         6890 || Speed:  314.2 MC/s (1.546e-02 s/TS) || Energy: ~1.15e-15 (- 0.00dB)
[@     1m49s] Timestep:         7155 || Speed:  314.6 MC/s (1.545e-02 s/TS) || Energy: ~2.02e-15 (- 0.00dB)
[@     1m53s] Timestep:         7420 || Speed:  315.3 MC/s (1.541e-02 s/TS) || Energy: ~2.02e-15 (- 0.00dB)
[@     1m57s] Timestep:         7685 || Speed:  313.8 MC/s (1.548e-02 s/TS) || Energy: ~3.19e-15 (- 0.00dB)
[@     2m01s] Timestep:         7950 || Speed:  314.1 MC/s (1.547e-02 s/TS) || Energy: ~3.19e-15 (- 0.00dB)
[@     2m05s] Timestep:         8215 || Speed:  313.8 MC/s (1.548e-02 s/TS) || Energy: ~3.19e-15 (- 0.00dB)
[@     2m09s] Timestep:         8480 || Speed:  314.8 MC/s (1.544e-02 s/TS) || Energy: ~3.19e-15 (- 0.00dB)
[@     2m14s] Timestep:         8745 || Speed:  314.8 MC/s (1.543e-02 s/TS) || Energy: ~2.90e-15 (- 0.42dB)
[@     2m18s] Timestep:         9010 || Speed:  315.8 MC/s (1.539e-02 s/TS) || Energy: ~2.90e-15 (- 0.42dB)
[@     2m22s] Timestep:         9275 || Speed:  316.4 MC/s (1.536e-02 s/TS) || Energy: ~2.90e-15 (- 0.42dB)
[@     2m26s] Timestep:         9540 || Speed:  315.5 MC/s (1.540e-02 s/TS) || Energy: ~2.90e-15 (- 0.42dB)
[@     2m30s] Timestep:         9805 || Speed:  315.5 MC/s (1.540e-02 s/TS) || Energy: ~1.57e-15 (- 3.07dB)
[@     2m34s] Timestep:        10070 || Speed:  315.7 MC/s (1.539e-02 s/TS) || Energy: ~1.57e-15 (- 3.07dB)
[@     2m38s] Timestep:        10335 || Speed:  315.7 MC/s (1.539e-02 s/TS) || Energy: ~1.57e-15 (- 3.07dB)
[@     2m42s] Timestep:        10600 || Speed:  315.6 MC/s (1.540e-02 s/TS) || Energy: ~1.57e-15 (- 3.07dB)
[@     2m46s] Timestep:        10865 || Speed:  314.8 MC/s (1.543e-02 s/TS) || Energy: ~6.44e-16 (- 6.95dB)
[@     2m50s] Timestep:        11130 || Speed:  315.3 MC/s (1.541e-02 s/TS) || Energy: ~6.44e-16 (- 6.95dB)
[@     2m54s] Timestep:        11395 || Speed:  316.2 MC/s (1.537e-02 s/TS) || Energy: ~6.44e-16 (- 6.95dB)
[@     2m58s] Timestep:        11660 || Speed:  316.5 MC/s (1.535e-02 s/TS) || Energy: ~6.44e-16 (- 6.95dB)
[@     3m03s] Timestep:        11925 || Speed:  314.1 MC/s (1.547e-02 s/TS) || Energy: ~9.23e-17 (-15.39dB)
[@     3m07s] Timestep:        12190 || Speed:  315.3 MC/s (1.541e-02 s/TS) || Energy: ~9.23e-17 (-15.39dB)
[@     3m11s] Timestep:        12455 || Speed:  316.4 MC/s (1.535e-02 s/TS) || Energy: ~9.23e-17 (-15.39dB)
[@     3m15s] Timestep:        12720 || Speed:  316.0 MC/s (1.537e-02 s/TS) || Energy: ~9.23e-17 (-15.39dB)
[@     3m19s] Timestep:        12985 || Speed:  314.4 MC/s (1.545e-02 s/TS) || Energy: ~2.53e-17 (-21.00dB)
[@     3m23s] Timestep:        13250 || Speed:  316.1 MC/s (1.537e-02 s/TS) || Energy: ~2.53e-17 (-21.00dB)
[@     3m27s] Timestep:        13515 || Speed:  315.5 MC/s (1.540e-02 s/TS) || Energy: ~2.53e-17 (-21.00dB)
[@     3m31s] Timestep:        13780 || Speed:  316.2 MC/s (1.537e-02 s/TS) || Energy: ~2.53e-17 (-21.00dB)
[@     3m35s] Timestep:        14045 || Speed:  315.9 MC/s (1.538e-02 s/TS) || Energy: ~5.49e-18 (-27.64dB)
[@     3m39s] Timestep:        14310 || Speed:  314.9 MC/s (1.543e-02 s/TS) || Energy: ~5.49e-18 (-27.64dB)
[@     3m43s] Timestep:        14575 || Speed:  315.5 MC/s (1.540e-02 s/TS) || Energy: ~5.49e-18 (-27.64dB)
[@     3m47s] Timestep:        14840 || Speed:  313.5 MC/s (1.550e-02 s/TS) || Energy: ~5.49e-18 (-27.64dB)
[@     3m52s] Timestep:        15105 || Speed:  312.6 MC/s (1.554e-02 s/TS) || Energy: ~1.44e-18 (-33.45dB)
[@     3m56s] Timestep:        15370 || Speed:  312.5 MC/s (1.555e-02 s/TS) || Energy: ~1.44e-18 (-33.45dB)
[@     4m00s] Timestep:        15635 || Speed:  309.6 MC/s (1.570e-02 s/TS) || Energy: ~1.44e-18 (-33.45dB)
[@     4m04s] Timestep:        15900 || Speed:  306.8 MC/s (1.583e-02 s/TS) || Energy: ~1.44e-18 (-33.45dB)
[@     4m08s] Timestep:        16165 || Speed:  306.7 MC/s (1.584e-02 s/TS) || Energy: ~4.95e-19 (-38.10dB)
[@     4m12s] Timestep:        16430 || Speed:  308.9 MC/s (1.573e-02 s/TS) || Energy: ~4.95e-19 (-38.10dB)
[@     4m17s] Timestep:        16695 || Speed:  310.0 MC/s (1.568e-02 s/TS) || Energy: ~4.95e-19 (-38.10dB)
[@     4m21s] Timestep:        16960 || Speed:  305.5 MC/s (1.591e-02 s/TS) || Energy: ~4.95e-19 (-38.10dB)
[@     4m25s] Timestep:        17225 || Speed:  301.2 MC/s (1.613e-02 s/TS) || Energy: ~2.33e-19 (-41.37dB)
[@     4m29s] Timestep:        17490 || Speed:  313.4 MC/s (1.550e-02 s/TS) || Energy: ~2.33e-19 (-41.37dB)
[@     4m33s] Timestep:        17755 || Speed:  313.2 MC/s (1.551e-02 s/TS) || Energy: ~2.33e-19 (-41.37dB)
[@     4m38s] Timestep:        18020 || Speed:  301.5 MC/s (1.612e-02 s/TS) || Energy: ~2.33e-19 (-41.37dB)
[@     4m42s] Timestep:        18285 || Speed:  304.3 MC/s (1.597e-02 s/TS) || Energy: ~1.41e-19 (-43.56dB)
[@     4m46s] Timestep:        18550 || Speed:  314.0 MC/s (1.547e-02 s/TS) || Energy: ~1.41e-19 (-43.56dB)
[@     4m50s] Timestep:        18815 || Speed:  306.2 MC/s (1.587e-02 s/TS) || Energy: ~1.41e-19 (-43.56dB)
[@     4m55s] Timestep:        19080 || Speed:  285.9 MC/s (1.699e-02 s/TS) || Energy: ~1.41e-19 (-43.56dB)
[@     4m59s] Timestep:        19345 || Speed:  284.3 MC/s (1.709e-02 s/TS) || Energy: ~9.85e-20 (-45.10dB)
[@     5m04s] Timestep:        19610 || Speed:  284.8 MC/s (1.706e-02 s/TS) || Energy: ~9.85e-20 (-45.10dB)
[@     5m08s] Timestep:        19875 || Speed:  291.7 MC/s (1.666e-02 s/TS) || Energy: ~9.85e-20 (-45.10dB)
[@     5m12s] Timestep:        20140 || Speed:  293.5 MC/s (1.655e-02 s/TS) || Energy: ~9.85e-20 (-45.10dB)
[@     5m17s] Timestep:        20405 || Speed:  283.8 MC/s (1.712e-02 s/TS) || Energy: ~7.43e-20 (-46.33dB)
[@     5m22s] Timestep:        20670 || Speed:  280.6 MC/s (1.731e-02 s/TS) || Energy: ~7.43e-20 (-46.33dB)
[@     5m26s] Timestep:        20935 || Speed:  290.7 MC/s (1.672e-02 s/TS) || Energy: ~7.43e-20 (-46.33dB)
[@     5m30s] Timestep:        21200 || Speed:  289.3 MC/s (1.679e-02 s/TS) || Energy: ~7.43e-20 (-46.33dB)
[@     5m35s] Timestep:        21465 || Speed:  289.0 MC/s (1.681e-02 s/TS) || Energy: ~5.82e-20 (-47.39dB)
[@     5m39s] Timestep:        21730 || Speed:  280.5 MC/s (1.732e-02 s/TS) || Energy: ~5.82e-20 (-47.39dB)
[@     5m44s] Timestep:        21995 || Speed:  298.2 MC/s (1.630e-02 s/TS) || Energy: ~5.82e-20 (-47.39dB)
[@     5m48s] Timestep:        22260 || Speed:  292.5 MC/s (1.661e-02 s/TS) || Energy: ~5.82e-20 (-47.39dB)
[@     5m53s] Timestep:        22525 || Speed:  286.0 MC/s (1.699e-02 s/TS) || Energy: ~4.66e-20 (-48.36dB)
[@     5m57s] Timestep:        22790 || Speed:  283.4 MC/s (1.714e-02 s/TS) || Energy: ~4.66e-20 (-48.36dB)
[@     6m02s] Timestep:        23055 || Speed:  280.7 MC/s (1.731e-02 s/TS) || Energy: ~4.66e-20 (-48.36dB)
[@     6m06s] Timestep:        23320 || Speed:  287.3 MC/s (1.691e-02 s/TS) || Energy: ~4.66e-20 (-48.36dB)
[@     6m11s] Timestep:        23585 || Speed:  294.4 MC/s (1.650e-02 s/TS) || Energy: ~3.78e-20 (-49.27dB)
[@     6m15s] Timestep:        23850 || Speed:  307.0 MC/s (1.583e-02 s/TS) || Energy: ~3.78e-20 (-49.27dB)
[@     6m19s] Timestep:        24115 || Speed:  307.1 MC/s (1.582e-02 s/TS) || Energy: ~3.78e-20 (-49.27dB)
[@     6m23s] Timestep:        24380 || Speed:  306.4 MC/s (1.586e-02 s/TS) || Energy: ~3.78e-20 (-49.27dB)
RunFDTD: end-criteria of -50.00dB reached after 24426 timesteps (-50.12dB)
Time for 24426 iterations with 4858656.00 cells : 384.53 sec
Speed: 308.63 MCells/s
exit 0
