
## Lines at 62 GHz (ImAg, mask-free)
  RO4835 LoPro 4 mil over L2                           w50 0.200 mm  eeff 2.70  lg 2.942 mm  0.169 dB/mm
  RO4835 4 mil + RO4450F 4 mil over L3 (L2 cleared)    w50 0.423 mm  eeff 2.85  lg 2.866 mm  0.099 dB/mm
  RO4835 4 mil + FR-4 prepreg 4 mil over L3 (fallback) w50 0.394 mm  eeff 3.09  lg 2.750 mm  0.179 dB/mm
  JLC 3313 0.0994 mm FR-4, ENIG (Rev A0)               w50 0.175 mm  eeff 3.02  lg 2.785 mm  0.381 dB/mm
   35.4 ohm on 4 mil: w = 0.353 mm
   35.4 ohm on 8 mil: w = 0.731 mm
   70.7 ohm on 4 mil: w = 0.097 mm
   70.7 ohm on 8 mil: w = 0.216 mm

## Ball and feed geometry (U1-relative mm; U1 rotated -90 deg: RX edge north, TX edge east)
  RX1       M2   -> (-2.60, +3.90)
  RX2       K2   -> (-1.30, +3.90)
  RX3       H2   -> (+0.00, +3.90)
  RX4       F2   -> (+1.30, +3.90)
  TX1       B4   -> (+3.90, +2.60)
  TX2       B6   -> (+3.90, +1.30)
  TX3       B8   -> (+3.90, -0.00)
  VOUT_PA   A2   -> (+4.55, +3.90)
  VOUT_PA   B2   -> (+3.90, +3.90)
  VIN_13RF2 C2   -> (+3.25, +3.90)
  CLKP      B15  -> (+3.90, -4.55)
  CLKM      C15  -> (+3.25, -4.55)
  d = 2.342 mm; RX columns x = [-4.163, -1.821, 0.521, 2.863]; lateral shifts [-1.563, -0.521, 0.521, 1.563]
  RX S-bends (R = 1.0 mm): vertical span needed 1.95 mm, longest path 2.70 mm (others meandered to match)
  TX columns x = [8.0, 10.342, 12.684], inputs at y = 3.8; Manhattan feed lengths [4.0, 7.64, 11.28] mm; one 90-deg arc (R 1 mm) saves 0.43 mm -> equal-length TX feed ~10.9 mm
  nearest RX/TX column centres (2.8631928671875, 9.5) / (8.0, 6.1): 6.16 mm = 1.27 lambda0

## RF-03 path loss (launch 0.3-0.5 dB assumed, from SPRACG5-class transitions; lines from the table above)
  RX, 4 mil, 3.0 mm                                          line 0.51 dB -> total 0.81-1.01 dB
  TX, 4 mil, 11.0 mm                                         line 1.86 dB -> total 2.16-2.36 dB
  TX, 1.5 mm 4 mil + 9.5 mm 8 mil (L2 cleared, RO4450F)      line 1.19 dB -> total 1.49-1.79 dB
  TX, 1.5 mm 4 mil + 9.5 mm 8 mil (FR-4 prepreg fallback)    line 1.96 dB -> total 2.26-2.56 dB
  RX, JLC FR-4 (A0), 3.0 mm                                  line 1.14 dB -> total 1.44-1.64 dB
  TX, JLC FR-4 (A0), 11.0 mm                                 line 4.19 dB -> total 4.49-4.69 dB

## RF-04 / RF-03 phase and delay
  RO4835 LoPro 4 mil over L2    : 5 deg = 41 um; residual <= 5 deg across 60.3-63.8 GHz after a single-frequency cal needs delay match <= 7.9 ps = 1.45 mm; design target 2 ps = 0.36 mm
  RO4835 4 mil + RO4450F 4 mil o: 5 deg = 40 um; residual <= 5 deg across 60.3-63.8 GHz after a single-frequency cal needs delay match <= 7.9 ps = 1.41 mm; design target 2 ps = 0.36 mm
  via fence pitch lambda_g/8: 4 mil 0.37 mm, 8 mil 0.36 mm

## Patches at 62 GHz (cavity/TL model)
  RO4835 4 mil (L2 solid)            W 1.601 L 1.246 mm BW(VSWR2) 2.1 %  inter-column gap at d: 0.741 mm
  RO4835+RO4450F 8 mil (L2 window)   W 1.605 L 1.192 mm BW(VSWR2) 4.3 %  inter-column gap at d: 0.737 mm
  RO4835+FR-4 8 mil (fallback)       W 1.545 L 1.135 mm BW(VSWR2) 4.1 %  inter-column gap at d: 0.798 mm
  JLC FR-4 3313 (A0)                 W 1.514 L 1.163 mm BW(VSWR2) 1.9 %  inter-column gap at d: 0.828 mm

## Regulatory power settings (REG-01/02), TX conducted max 12 dBm (SWRS219F)
  nominal column 7 dBi                      : TDM per-port <= +5.0 dBm (backoff 7.0 dB); 3-TX coherent per-port <= -4.5 dBm (backoff 16.5 dB)
  upper bound 9 dBi (directivity, lossless) : TDM per-port <= +3.0 dBm (backoff 9.0 dB); 3-TX coherent per-port <= -6.5 dBm (backoff 18.5 dB)

## REG-01 off-time (profile 4.1: 4.80 ms burst / 50 ms frame)
  worst 33 ms window: on <= 4.8 ms -> off >= 28.20 ms; minus a <2 ms fragment -> > 26.20 ms >= 25.5 ms (margin 0.70 ms). Max burst for 25.5 ms off with 2 ms fragments excluded: 5.5 ms

## IF and PMIC spur
  IF 3.89 MHz -> range 11.7 m
  IF 4.00 MHz -> range 12.0 m
  IF 8.00 MHz -> range 24.0 m
  IF 6.67 MHz -> range 20.0 m
  usable complex IF at 8 Msps (0.9 Fs) = 7.2 MHz -> max range 21.6 m

## Power and thermal
  datasheet-max rail power 5.40 W -> 1.27 A from 5 V at 85 % efficiency
  1.0 V rail: 5 mOhm Kelvin shunt drop at 2.5 A = 12.5 mV (inside FB loop on dev builds)
  TJ at 50 C ambient, RthJA 22.3 C/W (JEDEC 2S2P), 1.0 W -> 72 C (limit 105 C)
  TJ at 50 C ambient, RthJA 22.3 C/W (JEDEC 2S2P), 1.3 W -> 79 C (limit 105 C)
  1.0 V buck ripple current: (5-1)*(1/5)/(0.47 uH * 4 MHz) = 0.43 A p-p

## LVDS raw capture (dev builds)
  65536 bits per 80 us chirp = 819 Mbps -> per lane (2 lanes) 410 Mbps; UI at 900 Mbps 1.11 ns; 2 mm lane-to-clock skew = 12 ps

## Radome (flat sheet, normal incidence)
  polycarbonate (er ~2.9 assumed)  half-wave wall 1.42 mm; full-wave 2.84 mm
  ABS (er ~2.5 assumed)            half-wave wall 1.53 mm; full-wave 3.06 mm
  PP (er ~2.2 assumed)             half-wave wall 1.63 mm; full-wave 3.26 mm
  air gap multiples of lambda0/2: 2.42, 4.83, 7.25 mm

## Board
  U1 centre (26.0, 28.0), rot 270; antenna copper box x 21.0..39.5, y 31.8..39.6
  outline 60.0 x 46.0 mm = 27.6 cm2 = 4.28 sq in
