{"model": "d1", "excite": 2, "rects": 83, "sheets": 0, "cells": 24594372, "mesh": [719, 1039, 34], "min_cell_at": [[0.025, 8.05], [0.025, -12.45], [0.02159, 0.1999]]}
openEMS - evaluating the end criteria on a fixed timestep schedule for a machine-independent stopping point (reduces speed)
openEMS - fixed number of threads: 8
 ----------------------------------------------------------------------
 | openEMS 64bit -- version v0.37.0-rc3
 | (C) 2010-2026 openEMS project (upstream copyright banner; e-mail redacted for the privacy scan)
 ----------------------------------------------------------------------
	Used external libraries:
		CSXCAD -- Version: v0.7.0-rc3
		hdf5   -- Version: 1.10.10
		          compiled against: HDF5 library version: 1.10.10
		tinyxml -- compiled against: 2.6.2
		fparser
		boost  -- compiled against: 1_83
		vtk -- Version: 9.1.0
		       compiled against: 9.1.0

Create FDTD operator (compressed SSE + multi-threading)
FDTD simulation size: 719x1039x34 --> 2.53994e+07 FDTD cells
FDTD timestep is: 3.97909e-14 s; Nyquist rate: 1570 timesteps @8.00361e+09 Hz
openEMS::SetupFDTD: Warning, the timestep seems to be very small --> long simulation. Check your mesh!?
Excitation signal length is: 20571 timesteps (8.1854e-10s)
Max. number of timesteps: 600000 ( --> 29.1673 * Excitation signal length)
Create FDTD engine (compressed SSE + multi-threading)
Running FDTD engine... this may take a while... grab a cup of coffee?!?
Exact-endcriteria: evaluating the end criteria every 1570 timestep(s) (this excitation's Nyquist rate)
[@       32s] Timestep:          392 || Speed:  303.9 MC/s (8.357e-02 s/TS) || Energy: ~0.00e+00 (- 0.00dB)
[@     1m05s] Timestep:          784 || Speed:  304.7 MC/s (8.336e-02 s/TS) || Energy: ~0.00e+00 (- 0.00dB)
[@     1m38s] Timestep:         1176 || Speed:  304.4 MC/s (8.343e-02 s/TS) || Energy: ~0.00e+00 (- 0.00dB)
[@     2m10s] Timestep:         1568 || Speed:  305.0 MC/s (8.327e-02 s/TS) || Energy: ~0.00e+00 (- 0.00dB)
[@     2m43s] Timestep:         1960 || Speed:  304.2 MC/s (8.348e-02 s/TS) || Energy: ~1.47e-21 (- 0.00dB)
[@     3m16s] Timestep:         2352 || Speed:  300.7 MC/s (8.446e-02 s/TS) || Energy: ~1.47e-21 (- 0.00dB)
[@     3m49s] Timestep:         2744 || Speed:  299.8 MC/s (8.472e-02 s/TS) || Energy: ~1.47e-21 (- 0.00dB)
[@     4m22s] Timestep:         3136 || Speed:  300.3 MC/s (8.459e-02 s/TS) || Energy: ~1.47e-21 (- 0.00dB)
[@     4m56s] Timestep:         3528 || Speed:  299.8 MC/s (8.473e-02 s/TS) || Energy: ~5.08e-20 (- 0.00dB)
[@     5m29s] Timestep:         3920 || Speed:  299.8 MC/s (8.471e-02 s/TS) || Energy: ~5.08e-20 (- 0.00dB)
[@     6m02s] Timestep:         4312 || Speed:  300.2 MC/s (8.460e-02 s/TS) || Energy: ~5.08e-20 (- 0.00dB)
[@     6m35s] Timestep:         4704 || Speed:  300.2 MC/s (8.460e-02 s/TS) || Energy: ~5.08e-20 (- 0.00dB)
[@     7m08s] Timestep:         5096 || Speed:  300.1 MC/s (8.465e-02 s/TS) || Energy: ~5.26e-18 (- 0.00dB)
[@     7m42s] Timestep:         5488 || Speed:  300.4 MC/s (8.456e-02 s/TS) || Energy: ~5.26e-18 (- 0.00dB)
[@     8m15s] Timestep:         5880 || Speed:  300.2 MC/s (8.461e-02 s/TS) || Energy: ~5.26e-18 (- 0.00dB)
[@     8m48s] Timestep:         6272 || Speed:  300.2 MC/s (8.461e-02 s/TS) || Energy: ~5.26e-18 (- 0.00dB)
[@     9m21s] Timestep:         6664 || Speed:  300.1 MC/s (8.462e-02 s/TS) || Energy: ~2.58e-17 (- 0.00dB)
[@     9m54s] Timestep:         7056 || Speed:  300.6 MC/s (8.449e-02 s/TS) || Energy: ~2.58e-17 (- 0.00dB)
[@    10m27s] Timestep:         7448 || Speed:  300.2 MC/s (8.461e-02 s/TS) || Energy: ~2.58e-17 (- 0.00dB)
[@    11m01s] Timestep:         7840 || Speed:  299.6 MC/s (8.478e-02 s/TS) || Energy: ~2.58e-17 (- 0.00dB)
[@    11m34s] Timestep:         8232 || Speed:  300.1 MC/s (8.464e-02 s/TS) || Energy: ~5.91e-16 (- 0.00dB)
[@    12m07s] Timestep:         8624 || Speed:  300.3 MC/s (8.458e-02 s/TS) || Energy: ~5.91e-16 (- 0.00dB)
[@    12m40s] Timestep:         9016 || Speed:  300.1 MC/s (8.463e-02 s/TS) || Energy: ~5.91e-16 (- 0.00dB)
[@    13m13s] Timestep:         9408 || Speed:  300.2 MC/s (8.462e-02 s/TS) || Energy: ~5.91e-16 (- 0.00dB)
[@    13m46s] Timestep:         9800 || Speed:  300.3 MC/s (8.459e-02 s/TS) || Energy: ~1.27e-15 (- 0.00dB)
[@    14m20s] Timestep:        10192 || Speed:  300.4 MC/s (8.454e-02 s/TS) || Energy: ~1.27e-15 (- 0.00dB)
[@    14m27s] Timestep:        10285 || Speed:  299.2 MC/s (8.488e-02 s/TS) || Energy: ~2.35e-15 (- 0.00dB)
[@    14m53s] Timestep:        10584 || Speed:  300.4 MC/s (8.455e-02 s/TS) || Energy: ~2.35e-15 (- 0.00dB)
[@    15m26s] Timestep:        10976 || Speed:  300.0 MC/s (8.465e-02 s/TS) || Energy: ~2.35e-15 (- 0.00dB)
[@    15m59s] Timestep:        11368 || Speed:  300.1 MC/s (8.464e-02 s/TS) || Energy: ~3.14e-15 (- 0.00dB)
[@    16m32s] Timestep:        11760 || Speed:  300.2 MC/s (8.461e-02 s/TS) || Energy: ~3.14e-15 (- 0.00dB)
[@    17m05s] Timestep:        12152 || Speed:  299.7 MC/s (8.474e-02 s/TS) || Energy: ~3.14e-15 (- 0.00dB)
[@    17m39s] Timestep:        12544 || Speed:  300.1 MC/s (8.463e-02 s/TS) || Energy: ~3.14e-15 (- 0.00dB)
[@    18m12s] Timestep:        12936 || Speed:  300.1 MC/s (8.463e-02 s/TS) || Energy: ~3.65e-15 (- 0.00dB)
[@    18m45s] Timestep:        13328 || Speed:  300.5 MC/s (8.453e-02 s/TS) || Energy: ~3.65e-15 (- 0.00dB)
[@    19m18s] Timestep:        13720 || Speed:  300.9 MC/s (8.442e-02 s/TS) || Energy: ~3.65e-15 (- 0.00dB)
[@    19m51s] Timestep:        14112 || Speed:  300.4 MC/s (8.454e-02 s/TS) || Energy: ~3.65e-15 (- 0.00dB)
[@    20m24s] Timestep:        14504 || Speed:  300.3 MC/s (8.458e-02 s/TS) || Energy: ~1.79e-15 (- 3.09dB)
[@    20m58s] Timestep:        14896 || Speed:  300.4 MC/s (8.455e-02 s/TS) || Energy: ~1.79e-15 (- 3.09dB)
[@    21m31s] Timestep:        15288 || Speed:  300.2 MC/s (8.461e-02 s/TS) || Energy: ~1.79e-15 (- 3.09dB)
[@    22m04s] Timestep:        15680 || Speed:  300.2 MC/s (8.461e-02 s/TS) || Energy: ~1.79e-15 (- 3.09dB)
[@    22m37s] Timestep:        16072 || Speed:  299.9 MC/s (8.471e-02 s/TS) || Energy: ~8.99e-16 (- 6.08dB)
[@    23m10s] Timestep:        16464 || Speed:  300.1 MC/s (8.464e-02 s/TS) || Energy: ~8.99e-16 (- 6.08dB)
[@    23m43s] Timestep:        16856 || Speed:  300.2 MC/s (8.461e-02 s/TS) || Energy: ~8.99e-16 (- 6.08dB)
[@    24m17s] Timestep:        17248 || Speed:  300.1 MC/s (8.463e-02 s/TS) || Energy: ~8.99e-16 (- 6.08dB)
[@    24m50s] Timestep:        17640 || Speed:  299.9 MC/s (8.470e-02 s/TS) || Energy: ~1.53e-16 (-13.77dB)
[@    25m23s] Timestep:        18032 || Speed:  299.5 MC/s (8.481e-02 s/TS) || Energy: ~1.53e-16 (-13.77dB)
[@    25m56s] Timestep:        18424 || Speed:  300.4 MC/s (8.456e-02 s/TS) || Energy: ~1.53e-16 (-13.77dB)
[@    26m29s] Timestep:        18816 || Speed:  300.4 MC/s (8.455e-02 s/TS) || Energy: ~1.53e-16 (-13.77dB)
[@    27m02s] Timestep:        19208 || Speed:  300.3 MC/s (8.459e-02 s/TS) || Energy: ~4.59e-17 (-19.00dB)
[@    27m36s] Timestep:        19600 || Speed:  300.3 MC/s (8.458e-02 s/TS) || Energy: ~4.59e-17 (-19.00dB)
[@    28m09s] Timestep:        19992 || Speed:  300.3 MC/s (8.457e-02 s/TS) || Energy: ~4.59e-17 (-19.00dB)
[@    28m42s] Timestep:        20384 || Speed:  300.0 MC/s (8.466e-02 s/TS) || Energy: ~4.59e-17 (-19.00dB)
[@    29m15s] Timestep:        20776 || Speed:  300.2 MC/s (8.461e-02 s/TS) || Energy: ~1.11e-17 (-25.19dB)
[@    29m48s] Timestep:        21168 || Speed:  300.3 MC/s (8.457e-02 s/TS) || Energy: ~1.11e-17 (-25.19dB)
[@    30m21s] Timestep:        21560 || Speed:  300.2 MC/s (8.461e-02 s/TS) || Energy: ~1.11e-17 (-25.19dB)
[@    30m55s] Timestep:        21952 || Speed:  300.5 MC/s (8.451e-02 s/TS) || Energy: ~1.11e-17 (-25.19dB)
[@    31m28s] Timestep:        22344 || Speed:  300.3 MC/s (8.459e-02 s/TS) || Energy: ~2.91e-18 (-30.98dB)
[@    32m01s] Timestep:        22736 || Speed:  300.6 MC/s (8.449e-02 s/TS) || Energy: ~2.91e-18 (-30.98dB)
[@    32m34s] Timestep:        23128 || Speed:  300.3 MC/s (8.457e-02 s/TS) || Energy: ~2.91e-18 (-30.98dB)
[@    33m07s] Timestep:        23520 || Speed:  300.7 MC/s (8.447e-02 s/TS) || Energy: ~2.91e-18 (-30.98dB)
[@    33m40s] Timestep:        23912 || Speed:  300.3 MC/s (8.458e-02 s/TS) || Energy: ~9.87e-19 (-35.68dB)
[@    34m13s] Timestep:        24304 || Speed:  300.6 MC/s (8.449e-02 s/TS) || Energy: ~9.87e-19 (-35.68dB)
[@    34m47s] Timestep:        24696 || Speed:  300.1 MC/s (8.464e-02 s/TS) || Energy: ~9.87e-19 (-35.68dB)
[@    35m20s] Timestep:        25088 || Speed:  300.6 MC/s (8.449e-02 s/TS) || Energy: ~9.87e-19 (-35.68dB)
[@    35m53s] Timestep:        25480 || Speed:  300.4 MC/s (8.454e-02 s/TS) || Energy: ~4.91e-19 (-38.71dB)
[@    36m26s] Timestep:        25872 || Speed:  300.0 MC/s (8.465e-02 s/TS) || Energy: ~4.91e-19 (-38.71dB)
[@    36m59s] Timestep:        26264 || Speed:  300.4 MC/s (8.454e-02 s/TS) || Energy: ~4.91e-19 (-38.71dB)
[@    37m32s] Timestep:        26656 || Speed:  300.5 MC/s (8.451e-02 s/TS) || Energy: ~4.91e-19 (-38.71dB)
[@    38m05s] Timestep:        27048 || Speed:  300.4 MC/s (8.455e-02 s/TS) || Energy: ~3.13e-19 (-40.66dB)
[@    38m39s] Timestep:        27440 || Speed:  300.4 MC/s (8.456e-02 s/TS) || Energy: ~3.13e-19 (-40.66dB)
[@    39m12s] Timestep:        27832 || Speed:  300.4 MC/s (8.455e-02 s/TS) || Energy: ~3.13e-19 (-40.66dB)
[@    39m45s] Timestep:        28224 || Speed:  300.4 MC/s (8.454e-02 s/TS) || Energy: ~3.13e-19 (-40.66dB)
[@    40m18s] Timestep:        28616 || Speed:  300.1 MC/s (8.464e-02 s/TS) || Energy: ~2.24e-19 (-42.12dB)
[@    40m51s] Timestep:        29008 || Speed:  300.2 MC/s (8.460e-02 s/TS) || Energy: ~2.24e-19 (-42.12dB)
[@    41m24s] Timestep:        29400 || Speed:  300.2 MC/s (8.462e-02 s/TS) || Energy: ~2.24e-19 (-42.12dB)
[@    41m57s] Timestep:        29792 || Speed:  300.7 MC/s (8.446e-02 s/TS) || Energy: ~2.24e-19 (-42.12dB)
[@    42m31s] Timestep:        30184 || Speed:  300.5 MC/s (8.453e-02 s/TS) || Energy: ~1.68e-19 (-43.37dB)
[@    43m04s] Timestep:        30576 || Speed:  301.0 MC/s (8.437e-02 s/TS) || Energy: ~1.68e-19 (-43.37dB)
[@    43m37s] Timestep:        30968 || Speed:  300.5 MC/s (8.452e-02 s/TS) || Energy: ~1.68e-19 (-43.37dB)
[@    44m10s] Timestep:        31360 || Speed:  300.8 MC/s (8.445e-02 s/TS) || Energy: ~1.68e-19 (-43.37dB)
[@    44m43s] Timestep:        31752 || Speed:  300.4 MC/s (8.454e-02 s/TS) || Energy: ~1.29e-19 (-44.53dB)
[@    45m16s] Timestep:        32144 || Speed:  300.5 MC/s (8.453e-02 s/TS) || Energy: ~1.29e-19 (-44.53dB)
[@    45m49s] Timestep:        32536 || Speed:  300.9 MC/s (8.442e-02 s/TS) || Energy: ~1.29e-19 (-44.53dB)
[@    46m22s] Timestep:        32928 || Speed:  300.6 MC/s (8.451e-02 s/TS) || Energy: ~1.29e-19 (-44.53dB)
[@    46m56s] Timestep:        33320 || Speed:  300.2 MC/s (8.460e-02 s/TS) || Energy: ~1.00e-19 (-45.61dB)
[@    47m29s] Timestep:        33712 || Speed:  300.4 MC/s (8.457e-02 s/TS) || Energy: ~1.00e-19 (-45.61dB)
[@    48m02s] Timestep:        34104 || Speed:  300.5 MC/s (8.451e-02 s/TS) || Energy: ~1.00e-19 (-45.61dB)
[@    48m35s] Timestep:        34496 || Speed:  300.7 MC/s (8.446e-02 s/TS) || Energy: ~1.00e-19 (-45.61dB)
[@    49m08s] Timestep:        34888 || Speed:  300.5 MC/s (8.453e-02 s/TS) || Energy: ~7.92e-20 (-46.64dB)
[@    49m41s] Timestep:        35280 || Speed:  300.4 MC/s (8.455e-02 s/TS) || Energy: ~7.92e-20 (-46.64dB)
[@    50m14s] Timestep:        35672 || Speed:  300.8 MC/s (8.444e-02 s/TS) || Energy: ~7.92e-20 (-46.64dB)
[@    50m48s] Timestep:        36064 || Speed:  300.4 MC/s (8.456e-02 s/TS) || Energy: ~7.92e-20 (-46.64dB)
[@    51m21s] Timestep:        36456 || Speed:  300.1 MC/s (8.465e-02 s/TS) || Energy: ~6.35e-20 (-47.59dB)
[@    51m54s] Timestep:        36848 || Speed:  300.5 MC/s (8.452e-02 s/TS) || Energy: ~6.35e-20 (-47.59dB)
[@    52m27s] Timestep:        37240 || Speed:  300.6 MC/s (8.451e-02 s/TS) || Energy: ~6.35e-20 (-47.59dB)
[@    53m00s] Timestep:        37632 || Speed:  300.8 MC/s (8.445e-02 s/TS) || Energy: ~6.35e-20 (-47.59dB)
[@    53m04s] Timestep:        37680 || Speed:  299.1 MC/s (8.492e-02 s/TS) || Energy: ~5.20e-20 (-48.46dB)
[@    53m33s] Timestep:        38024 || Speed:  300.4 MC/s (8.455e-02 s/TS) || Energy: ~5.20e-20 (-48.46dB)
[@    54m06s] Timestep:        38416 || Speed:  300.6 MC/s (8.450e-02 s/TS) || Energy: ~5.20e-20 (-48.46dB)
[@    54m39s] Timestep:        38808 || Speed:  300.4 MC/s (8.455e-02 s/TS) || Energy: ~5.20e-20 (-48.46dB)
[@    55m13s] Timestep:        39200 || Speed:  300.3 MC/s (8.457e-02 s/TS) || Energy: ~5.20e-20 (-48.46dB)
[@    55m17s] Timestep:        39250 || Speed:  298.9 MC/s (8.497e-02 s/TS) || Energy: ~4.35e-20 (-49.24dB)
[@    55m46s] Timestep:        39592 || Speed:  300.1 MC/s (8.463e-02 s/TS) || Energy: ~4.35e-20 (-49.24dB)
[@    56m19s] Timestep:        39984 || Speed:  300.2 MC/s (8.461e-02 s/TS) || Energy: ~4.35e-20 (-49.24dB)
[@    56m52s] Timestep:        40376 || Speed:  299.8 MC/s (8.473e-02 s/TS) || Energy: ~4.35e-20 (-49.24dB)
[@    57m25s] Timestep:        40768 || Speed:  300.0 MC/s (8.466e-02 s/TS) || Energy: ~4.35e-20 (-49.24dB)
[@    57m30s] Timestep:        40820 || Speed:  298.9 MC/s (8.499e-02 s/TS) || Energy: ~3.72e-20 (-49.92dB)
[@    57m59s] Timestep:        41160 || Speed:  300.8 MC/s (8.445e-02 s/TS) || Energy: ~3.72e-20 (-49.92dB)
[@    58m32s] Timestep:        41552 || Speed:  300.5 MC/s (8.454e-02 s/TS) || Energy: ~3.72e-20 (-49.92dB)
[@    59m05s] Timestep:        41944 || Speed:  300.5 MC/s (8.452e-02 s/TS) || Energy: ~3.72e-20 (-49.92dB)
[@    59m38s] Timestep:        42336 || Speed:  300.5 MC/s (8.452e-02 s/TS) || Energy: ~3.72e-20 (-49.92dB)
[@    59m42s] Timestep:        42390 || Speed:  299.5 MC/s (8.480e-02 s/TS) || Energy: ~3.25e-20 (-50.51dB)
RunFDTD: end-criteria of -50.00dB reached after 42390 timesteps (-50.51dB)
Time for 42390 iterations with 25399394.00 cells : 3583.00 sec
Speed: 300.50 MCells/s
exit 0
