{"model": "line30", "excite": 1, "rects": 1, "sheets": 0, "cells": 8540532, "mesh": [1639, 159, 34], "min_cell_at": [[0.025, 8.05], [0.025, -1.5], [0.02159, 0.1999]]}
openEMS - evaluating the end criteria on a fixed timestep schedule for a machine-independent stopping point (reduces speed)
openEMS - fixed number of threads: 8
 ----------------------------------------------------------------------
 | openEMS 64bit -- version v0.37.0-rc3
 | (C) 2010-2026 openEMS project (upstream copyright banner; e-mail redacted for the privacy scan)
 ----------------------------------------------------------------------
	Used external libraries:
		CSXCAD -- Version: v0.7.0-rc3
		hdf5   -- Version: 1.10.10
		          compiled against: HDF5 library version: 1.10.10
		tinyxml -- compiled against: 2.6.2
		fparser
		boost  -- compiled against: 1_83
		vtk -- Version: 9.1.0
		       compiled against: 9.1.0

Create FDTD operator (compressed SSE + multi-threading)
FDTD simulation size: 1639x159x34 --> 8.86043e+06 FDTD cells
FDTD timestep is: 3.97909e-14 s; Nyquist rate: 1570 timesteps @8.00361e+09 Hz
openEMS::SetupFDTD: Warning, the timestep seems to be very small --> long simulation. Check your mesh!?
Excitation signal length is: 20571 timesteps (8.1854e-10s)
Max. number of timesteps: 600000 ( --> 29.1673 * Excitation signal length)
Create FDTD engine (compressed SSE + multi-threading)
Running FDTD engine... this may take a while... grab a cup of coffee?!?
Exact-endcriteria: evaluating the end criteria every 1570 timestep(s) (this excitation's Nyquist rate)
[@       11s] Timestep:          392 || Speed:  305.4 MC/s (2.902e-02 s/TS) || Energy: ~0.00e+00 (- 0.00dB)
[@       22s] Timestep:          784 || Speed:  306.3 MC/s (2.892e-02 s/TS) || Energy: ~0.00e+00 (- 0.00dB)
[@       34s] Timestep:         1176 || Speed:  301.9 MC/s (2.935e-02 s/TS) || Energy: ~0.00e+00 (- 0.00dB)
[@       45s] Timestep:         1568 || Speed:  298.9 MC/s (2.965e-02 s/TS) || Energy: ~0.00e+00 (- 0.00dB)
[@       57s] Timestep:         1960 || Speed:  300.2 MC/s (2.952e-02 s/TS) || Energy: ~1.45e-21 (- 0.00dB)
[@     1m08s] Timestep:         2352 || Speed:  304.5 MC/s (2.910e-02 s/TS) || Energy: ~1.45e-21 (- 0.00dB)
[@     1m20s] Timestep:         2744 || Speed:  286.7 MC/s (3.091e-02 s/TS) || Energy: ~1.45e-21 (- 0.00dB)
[@     1m32s] Timestep:         3136 || Speed:  290.9 MC/s (3.045e-02 s/TS) || Energy: ~1.45e-21 (- 0.00dB)
[@     1m44s] Timestep:         3528 || Speed:  301.9 MC/s (2.935e-02 s/TS) || Energy: ~5.09e-20 (- 0.00dB)
[@     1m55s] Timestep:         3920 || Speed:  302.1 MC/s (2.933e-02 s/TS) || Energy: ~5.09e-20 (- 0.00dB)
[@     2m07s] Timestep:         4312 || Speed:  302.4 MC/s (2.930e-02 s/TS) || Energy: ~5.09e-20 (- 0.00dB)
[@     2m19s] Timestep:         4704 || Speed:  298.2 MC/s (2.971e-02 s/TS) || Energy: ~5.09e-20 (- 0.00dB)
[@     2m30s] Timestep:         5096 || Speed:  298.1 MC/s (2.972e-02 s/TS) || Energy: ~5.23e-18 (- 0.00dB)
[@     2m42s] Timestep:         5488 || Speed:  284.0 MC/s (3.119e-02 s/TS) || Energy: ~5.23e-18 (- 0.00dB)
[@     2m54s] Timestep:         5880 || Speed:  300.2 MC/s (2.952e-02 s/TS) || Energy: ~5.23e-18 (- 0.00dB)
[@     3m06s] Timestep:         6272 || Speed:  287.0 MC/s (3.087e-02 s/TS) || Energy: ~5.23e-18 (- 0.00dB)
[@     3m18s] Timestep:         6664 || Speed:  289.0 MC/s (3.066e-02 s/TS) || Energy: ~2.42e-17 (- 0.00dB)
[@     3m30s] Timestep:         7056 || Speed:  299.9 MC/s (2.955e-02 s/TS) || Energy: ~2.42e-17 (- 0.00dB)
[@     3m41s] Timestep:         7448 || Speed:  300.4 MC/s (2.949e-02 s/TS) || Energy: ~2.42e-17 (- 0.00dB)
[@     3m53s] Timestep:         7840 || Speed:  300.5 MC/s (2.948e-02 s/TS) || Energy: ~2.42e-17 (- 0.00dB)
[@     4m04s] Timestep:         8232 || Speed:  300.9 MC/s (2.945e-02 s/TS) || Energy: ~6.25e-16 (- 0.00dB)
[@     4m16s] Timestep:         8624 || Speed:  301.6 MC/s (2.938e-02 s/TS) || Energy: ~6.25e-16 (- 0.00dB)
[@     4m27s] Timestep:         9016 || Speed:  300.3 MC/s (2.950e-02 s/TS) || Energy: ~6.25e-16 (- 0.00dB)
[@     4m39s] Timestep:         9408 || Speed:  301.6 MC/s (2.938e-02 s/TS) || Energy: ~6.25e-16 (- 0.00dB)
[@     4m50s] Timestep:         9800 || Speed:  300.8 MC/s (2.946e-02 s/TS) || Energy: ~1.10e-15 (- 0.00dB)
[@     5m02s] Timestep:        10192 || Speed:  300.7 MC/s (2.946e-02 s/TS) || Energy: ~1.10e-15 (- 0.00dB)
[@     5m14s] Timestep:        10584 || Speed:  301.7 MC/s (2.936e-02 s/TS) || Energy: ~2.68e-15 (- 0.00dB)
[@     5m25s] Timestep:        10976 || Speed:  301.7 MC/s (2.937e-02 s/TS) || Energy: ~2.68e-15 (- 0.00dB)
[@     5m37s] Timestep:        11368 || Speed:  300.6 MC/s (2.947e-02 s/TS) || Energy: ~3.86e-15 (- 0.00dB)
[@     5m48s] Timestep:        11760 || Speed:  301.7 MC/s (2.937e-02 s/TS) || Energy: ~3.86e-15 (- 0.00dB)
[@     6m00s] Timestep:        12152 || Speed:  301.7 MC/s (2.937e-02 s/TS) || Energy: ~3.86e-15 (- 0.00dB)
[@     6m11s] Timestep:        12544 || Speed:  301.5 MC/s (2.939e-02 s/TS) || Energy: ~3.86e-15 (- 0.00dB)
[@     6m23s] Timestep:        12936 || Speed:  300.4 MC/s (2.950e-02 s/TS) || Energy: ~4.22e-15 (- 0.00dB)
[@     6m34s] Timestep:        13328 || Speed:  302.1 MC/s (2.933e-02 s/TS) || Energy: ~4.22e-15 (- 0.00dB)
[@     6m46s] Timestep:        13720 || Speed:  302.3 MC/s (2.931e-02 s/TS) || Energy: ~4.22e-15 (- 0.00dB)
[@     6m57s] Timestep:        14112 || Speed:  302.3 MC/s (2.931e-02 s/TS) || Energy: ~4.22e-15 (- 0.00dB)
[@     7m09s] Timestep:        14504 || Speed:  301.8 MC/s (2.936e-02 s/TS) || Energy: ~4.02e-15 (- 0.22dB)
[@     7m20s] Timestep:        14896 || Speed:  298.1 MC/s (2.972e-02 s/TS) || Energy: ~4.02e-15 (- 0.22dB)
[@     7m32s] Timestep:        15288 || Speed:  302.0 MC/s (2.934e-02 s/TS) || Energy: ~4.02e-15 (- 0.22dB)
[@     7m43s] Timestep:        15680 || Speed:  301.9 MC/s (2.934e-02 s/TS) || Energy: ~4.02e-15 (- 0.22dB)
[@     7m55s] Timestep:        16072 || Speed:  299.7 MC/s (2.957e-02 s/TS) || Energy: ~2.61e-15 (- 2.09dB)
[@     8m06s] Timestep:        16464 || Speed:  300.9 MC/s (2.944e-02 s/TS) || Energy: ~2.61e-15 (- 2.09dB)
[@     8m18s] Timestep:        16856 || Speed:  300.8 MC/s (2.946e-02 s/TS) || Energy: ~2.61e-15 (- 2.09dB)
[@     8m30s] Timestep:        17248 || Speed:  301.1 MC/s (2.943e-02 s/TS) || Energy: ~2.61e-15 (- 2.09dB)
[@     8m41s] Timestep:        17640 || Speed:  300.9 MC/s (2.945e-02 s/TS) || Energy: ~9.68e-16 (- 6.40dB)
[@     8m53s] Timestep:        18032 || Speed:  301.5 MC/s (2.939e-02 s/TS) || Energy: ~9.68e-16 (- 6.40dB)
[@     9m04s] Timestep:        18424 || Speed:  301.1 MC/s (2.943e-02 s/TS) || Energy: ~9.68e-16 (- 6.40dB)
[@     9m16s] Timestep:        18816 || Speed:  301.0 MC/s (2.944e-02 s/TS) || Energy: ~9.68e-16 (- 6.40dB)
[@     9m27s] Timestep:        19208 || Speed:  300.6 MC/s (2.948e-02 s/TS) || Energy: ~1.76e-16 (-13.80dB)
[@     9m39s] Timestep:        19600 || Speed:  301.5 MC/s (2.939e-02 s/TS) || Energy: ~1.76e-16 (-13.80dB)
[@     9m50s] Timestep:        19992 || Speed:  300.2 MC/s (2.951e-02 s/TS) || Energy: ~1.76e-16 (-13.80dB)
[@    10m02s] Timestep:        20384 || Speed:  300.4 MC/s (2.950e-02 s/TS) || Energy: ~1.76e-16 (-13.80dB)
[@    10m13s] Timestep:        20776 || Speed:  301.4 MC/s (2.940e-02 s/TS) || Energy: ~2.62e-17 (-22.07dB)
[@    10m25s] Timestep:        21168 || Speed:  301.7 MC/s (2.937e-02 s/TS) || Energy: ~2.62e-17 (-22.07dB)
[@    10m36s] Timestep:        21560 || Speed:  301.4 MC/s (2.939e-02 s/TS) || Energy: ~2.62e-17 (-22.07dB)
[@    10m48s] Timestep:        21952 || Speed:  300.0 MC/s (2.954e-02 s/TS) || Energy: ~2.62e-17 (-22.07dB)
[@    11m00s] Timestep:        22344 || Speed:  301.1 MC/s (2.942e-02 s/TS) || Energy: ~2.24e-18 (-32.76dB)
[@    11m11s] Timestep:        22736 || Speed:  298.3 MC/s (2.970e-02 s/TS) || Energy: ~2.24e-18 (-32.76dB)
[@    11m23s] Timestep:        23128 || Speed:  300.4 MC/s (2.950e-02 s/TS) || Energy: ~2.24e-18 (-32.76dB)
[@    11m34s] Timestep:        23520 || Speed:  300.1 MC/s (2.952e-02 s/TS) || Energy: ~2.24e-18 (-32.76dB)
[@    11m46s] Timestep:        23912 || Speed:  300.5 MC/s (2.948e-02 s/TS) || Energy: ~6.12e-19 (-38.38dB)
[@    11m58s] Timestep:        24304 || Speed:  299.4 MC/s (2.959e-02 s/TS) || Energy: ~6.12e-19 (-38.38dB)
[@    12m09s] Timestep:        24696 || Speed:  299.8 MC/s (2.955e-02 s/TS) || Energy: ~6.12e-19 (-38.38dB)
[@    12m21s] Timestep:        25088 || Speed:  293.1 MC/s (3.023e-02 s/TS) || Energy: ~6.12e-19 (-38.38dB)
[@    12m33s] Timestep:        25480 || Speed:  298.3 MC/s (2.970e-02 s/TS) || Energy: ~1.91e-19 (-43.45dB)
[@    12m44s] Timestep:        25872 || Speed:  299.3 MC/s (2.960e-02 s/TS) || Energy: ~1.91e-19 (-43.45dB)
[@    12m56s] Timestep:        26264 || Speed:  300.0 MC/s (2.953e-02 s/TS) || Energy: ~1.91e-19 (-43.45dB)
[@    13m07s] Timestep:        26656 || Speed:  300.0 MC/s (2.953e-02 s/TS) || Energy: ~1.91e-19 (-43.45dB)
[@    13m19s] Timestep:        27048 || Speed:  300.4 MC/s (2.950e-02 s/TS) || Energy: ~7.38e-20 (-47.57dB)
[@    13m30s] Timestep:        27440 || Speed:  300.5 MC/s (2.949e-02 s/TS) || Energy: ~7.38e-20 (-47.57dB)
[@    13m42s] Timestep:        27832 || Speed:  300.0 MC/s (2.953e-02 s/TS) || Energy: ~7.38e-20 (-47.57dB)
[@    13m54s] Timestep:        28224 || Speed:  300.7 MC/s (2.946e-02 s/TS) || Energy: ~7.38e-20 (-47.57dB)
[@    14m05s] Timestep:        28616 || Speed:  301.8 MC/s (2.936e-02 s/TS) || Energy: ~4.42e-20 (-49.80dB)
[@    14m17s] Timestep:        29008 || Speed:  302.5 MC/s (2.929e-02 s/TS) || Energy: ~4.42e-20 (-49.80dB)
[@    14m28s] Timestep:        29400 || Speed:  301.6 MC/s (2.938e-02 s/TS) || Energy: ~4.42e-20 (-49.80dB)
[@    14m40s] Timestep:        29792 || Speed:  301.2 MC/s (2.942e-02 s/TS) || Energy: ~4.42e-20 (-49.80dB)
RunFDTD: end-criteria of -50.00dB reached after 29830 timesteps (-51.72dB)
Time for 29830 iterations with 8860434.00 cells : 881.26 sec
Speed: 299.92 MCells/s
exit 0
