{
 "rule": "legal and audit pass; then the engine's stage-0 key (proxy score, cheap score); then HPWL; then id",
 "starts": 8,
 "legal": 2,
 "audit_pass": 2,
 "winner": "p001"
}
 [
 {
  "id": "p001",
  "seed": 104732,
  "start_kind": "source-start",
  "status": "legal",
  "seconds": 38.4,
  "proxy_score": 40141.345120000704,
  "cheap_score": 18.64745536615979,
  "hpwl_mm": 2755.8,
  "audit_pass": true,
  "audit_failures": [],
  "rank": 1
 },
 {
  "id": "p005",
  "seed": 523648,
  "start_kind": "latin-global",
  "status": "legal",
  "seconds": 36.1,
  "proxy_score": 40143.621480475646,
  "cheap_score": 18.400380684445963,
  "hpwl_mm": 2796.7,
  "audit_pass": true,
  "audit_failures": [],
  "rank": 2
 },
 {
  "id": "p000",
  "seed": 3,
  "start_kind": "legacy-global",
  "status": "failed",
  "seconds": 68.1,
  "reason": "LegalizationError('C65: no free slot inside hard group radius')"
 },
 {
  "id": "p002",
  "seed": 209461,
  "start_kind": "stratified-global",
  "status": "failed",
  "seconds": 67.4,
  "reason": "LegalizationError('D2: no free slot inside its edge band, region and align band')"
 },
 {
  "id": "p003",
  "seed": 314190,
  "start_kind": "latin-global",
  "status": "failed",
  "seconds": 62.0,
  "reason": "LegalizationError('C68: no free slot inside hard group radius')"
 }
]
top-1 candidates: [
 {
  "rank": 1,
  "id": "p001",
  "dir": "/tmp/yapnr-work/yapnr-task-4672z4zx/work/board/candidates/rank1"
 }
]
