{"model": "r1", "excite": 2, "rects": 5, "sheets": 0, "cells": 18600516, "mesh": [615, 919, 34], "min_cell_at": [[0.025, 8.05], [0.025, -10.95], [0.02159, 0.1999]]}
openEMS - evaluating the end criteria on a fixed timestep schedule for a machine-independent stopping point (reduces speed)
openEMS - fixed number of threads: 8
 ----------------------------------------------------------------------
 | openEMS 64bit -- version v0.37.0-rc3
 | (C) 2010-2026 openEMS project (upstream copyright banner; e-mail redacted for the privacy scan)
 ----------------------------------------------------------------------
	Used external libraries:
		CSXCAD -- Version: v0.7.0-rc3
		hdf5   -- Version: 1.10.10
		          compiled against: HDF5 library version: 1.10.10
		tinyxml -- compiled against: 2.6.2
		fparser
		boost  -- compiled against: 1_83
		vtk -- Version: 9.1.0
		       compiled against: 9.1.0

Create FDTD operator (compressed SSE + multi-threading)
FDTD simulation size: 615x919x34 --> 1.92163e+07 FDTD cells
FDTD timestep is: 3.97909e-14 s; Nyquist rate: 1570 timesteps @8.00361e+09 Hz
openEMS::SetupFDTD: Warning, the timestep seems to be very small --> long simulation. Check your mesh!?
Excitation signal length is: 20571 timesteps (8.1854e-10s)
Max. number of timesteps: 600000 ( --> 29.1673 * Excitation signal length)
Create FDTD engine (compressed SSE + multi-threading)
Running FDTD engine... this may take a while... grab a cup of coffee?!?
Exact-endcriteria: evaluating the end criteria every 1570 timestep(s) (this excitation's Nyquist rate)
[@       27s] Timestep:          392 || Speed:  276.3 MC/s (6.954e-02 s/TS) || Energy: ~0.00e+00 (- 0.00dB)
[@       54s] Timestep:          784 || Speed:  279.1 MC/s (6.886e-02 s/TS) || Energy: ~0.00e+00 (- 0.00dB)
[@     1m21s] Timestep:         1176 || Speed:  276.9 MC/s (6.939e-02 s/TS) || Energy: ~0.00e+00 (- 0.00dB)
[@     1m48s] Timestep:         1568 || Speed:  276.0 MC/s (6.962e-02 s/TS) || Energy: ~0.00e+00 (- 0.00dB)
[@     2m15s] Timestep:         1960 || Speed:  280.2 MC/s (6.858e-02 s/TS) || Energy: ~1.35e-21 (- 0.00dB)
[@     2m42s] Timestep:         2352 || Speed:  281.9 MC/s (6.817e-02 s/TS) || Energy: ~1.35e-21 (- 0.00dB)
[@     3m09s] Timestep:         2744 || Speed:  282.4 MC/s (6.804e-02 s/TS) || Energy: ~1.35e-21 (- 0.00dB)
[@     3m34s] Timestep:         3136 || Speed:  290.7 MC/s (6.611e-02 s/TS) || Energy: ~1.35e-21 (- 0.00dB)
[@     4m00s] Timestep:         3528 || Speed:  289.1 MC/s (6.647e-02 s/TS) || Energy: ~4.92e-20 (- 0.00dB)
[@     4m26s] Timestep:         3920 || Speed:  290.1 MC/s (6.624e-02 s/TS) || Energy: ~4.92e-20 (- 0.00dB)
[@     4m52s] Timestep:         4312 || Speed:  290.0 MC/s (6.625e-02 s/TS) || Energy: ~4.92e-20 (- 0.00dB)
[@     5m19s] Timestep:         4704 || Speed:  287.4 MC/s (6.686e-02 s/TS) || Energy: ~4.92e-20 (- 0.00dB)
[@     5m45s] Timestep:         5096 || Speed:  289.7 MC/s (6.633e-02 s/TS) || Energy: ~4.78e-18 (- 0.00dB)
[@     6m10s] Timestep:         5488 || Speed:  292.6 MC/s (6.566e-02 s/TS) || Energy: ~4.78e-18 (- 0.00dB)
[@     6m36s] Timestep:         5880 || Speed:  289.4 MC/s (6.640e-02 s/TS) || Energy: ~4.78e-18 (- 0.00dB)
[@     7m02s] Timestep:         6272 || Speed:  295.1 MC/s (6.512e-02 s/TS) || Energy: ~4.78e-18 (- 0.00dB)
[@     7m27s] Timestep:         6664 || Speed:  294.9 MC/s (6.517e-02 s/TS) || Energy: ~2.60e-17 (- 0.00dB)
[@     7m53s] Timestep:         7056 || Speed:  296.0 MC/s (6.492e-02 s/TS) || Energy: ~2.60e-17 (- 0.00dB)
[@     8m18s] Timestep:         7448 || Speed:  295.9 MC/s (6.494e-02 s/TS) || Energy: ~2.60e-17 (- 0.00dB)
[@     8m44s] Timestep:         7840 || Speed:  295.7 MC/s (6.498e-02 s/TS) || Energy: ~2.60e-17 (- 0.00dB)
[@     9m09s] Timestep:         8232 || Speed:  295.9 MC/s (6.494e-02 s/TS) || Energy: ~5.56e-16 (- 0.00dB)
[@     9m35s] Timestep:         8624 || Speed:  296.1 MC/s (6.489e-02 s/TS) || Energy: ~5.56e-16 (- 0.00dB)
[@    10m00s] Timestep:         9016 || Speed:  296.4 MC/s (6.482e-02 s/TS) || Energy: ~5.56e-16 (- 0.00dB)
[@    10m26s] Timestep:         9408 || Speed:  296.7 MC/s (6.476e-02 s/TS) || Energy: ~5.56e-16 (- 0.00dB)
[@    10m51s] Timestep:         9800 || Speed:  296.4 MC/s (6.483e-02 s/TS) || Energy: ~1.13e-15 (- 0.00dB)
[@    11m16s] Timestep:        10192 || Speed:  296.2 MC/s (6.488e-02 s/TS) || Energy: ~1.13e-15 (- 0.00dB)
[@    11m22s] Timestep:        10285 || Speed:  295.8 MC/s (6.497e-02 s/TS) || Energy: ~2.07e-15 (- 0.00dB)
[@    11m42s] Timestep:        10584 || Speed:  296.9 MC/s (6.471e-02 s/TS) || Energy: ~2.07e-15 (- 0.00dB)
[@    12m07s] Timestep:        10976 || Speed:  296.6 MC/s (6.479e-02 s/TS) || Energy: ~2.07e-15 (- 0.00dB)
[@    12m33s] Timestep:        11368 || Speed:  296.3 MC/s (6.486e-02 s/TS) || Energy: ~3.21e-15 (- 0.00dB)
[@    12m58s] Timestep:        11760 || Speed:  296.4 MC/s (6.484e-02 s/TS) || Energy: ~3.21e-15 (- 0.00dB)
[@    13m23s] Timestep:        12152 || Speed:  296.5 MC/s (6.481e-02 s/TS) || Energy: ~3.21e-15 (- 0.00dB)
[@    13m49s] Timestep:        12544 || Speed:  296.7 MC/s (6.477e-02 s/TS) || Energy: ~3.21e-15 (- 0.00dB)
[@    14m14s] Timestep:        12936 || Speed:  296.2 MC/s (6.488e-02 s/TS) || Energy: ~3.01e-15 (- 0.28dB)
[@    14m40s] Timestep:        13328 || Speed:  296.6 MC/s (6.479e-02 s/TS) || Energy: ~3.01e-15 (- 0.28dB)
[@    15m05s] Timestep:        13720 || Speed:  296.5 MC/s (6.482e-02 s/TS) || Energy: ~3.01e-15 (- 0.28dB)
[@    15m30s] Timestep:        14112 || Speed:  296.6 MC/s (6.479e-02 s/TS) || Energy: ~3.01e-15 (- 0.28dB)
[@    15m56s] Timestep:        14504 || Speed:  296.0 MC/s (6.493e-02 s/TS) || Energy: ~1.59e-15 (- 3.06dB)
[@    16m21s] Timestep:        14896 || Speed:  296.2 MC/s (6.489e-02 s/TS) || Energy: ~1.59e-15 (- 3.06dB)
[@    16m47s] Timestep:        15288 || Speed:  296.2 MC/s (6.487e-02 s/TS) || Energy: ~1.59e-15 (- 3.06dB)
[@    17m12s] Timestep:        15680 || Speed:  296.6 MC/s (6.480e-02 s/TS) || Energy: ~1.59e-15 (- 3.06dB)
[@    17m38s] Timestep:        16072 || Speed:  296.2 MC/s (6.488e-02 s/TS) || Energy: ~7.24e-16 (- 6.47dB)
[@    18m03s] Timestep:        16464 || Speed:  296.7 MC/s (6.476e-02 s/TS) || Energy: ~7.24e-16 (- 6.47dB)
[@    18m28s] Timestep:        16856 || Speed:  296.4 MC/s (6.483e-02 s/TS) || Energy: ~7.24e-16 (- 6.47dB)
[@    18m54s] Timestep:        17248 || Speed:  296.2 MC/s (6.488e-02 s/TS) || Energy: ~7.24e-16 (- 6.47dB)
[@    19m19s] Timestep:        17640 || Speed:  296.5 MC/s (6.482e-02 s/TS) || Energy: ~1.23e-16 (-14.18dB)
[@    19m45s] Timestep:        18032 || Speed:  296.7 MC/s (6.477e-02 s/TS) || Energy: ~1.23e-16 (-14.18dB)
[@    20m10s] Timestep:        18424 || Speed:  297.2 MC/s (6.466e-02 s/TS) || Energy: ~1.23e-16 (-14.18dB)
[@    20m35s] Timestep:        18816 || Speed:  296.9 MC/s (6.473e-02 s/TS) || Energy: ~1.23e-16 (-14.18dB)
[@    21m01s] Timestep:        19208 || Speed:  296.8 MC/s (6.475e-02 s/TS) || Energy: ~4.00e-17 (-19.05dB)
[@    21m26s] Timestep:        19600 || Speed:  296.9 MC/s (6.473e-02 s/TS) || Energy: ~4.00e-17 (-19.05dB)
[@    21m52s] Timestep:        19992 || Speed:  296.3 MC/s (6.484e-02 s/TS) || Energy: ~4.00e-17 (-19.05dB)
[@    22m17s] Timestep:        20384 || Speed:  296.7 MC/s (6.478e-02 s/TS) || Energy: ~4.00e-17 (-19.05dB)
[@    22m42s] Timestep:        20776 || Speed:  296.5 MC/s (6.482e-02 s/TS) || Energy: ~1.02e-17 (-24.98dB)
[@    23m08s] Timestep:        21168 || Speed:  296.9 MC/s (6.472e-02 s/TS) || Energy: ~1.02e-17 (-24.98dB)
[@    23m33s] Timestep:        21560 || Speed:  297.0 MC/s (6.470e-02 s/TS) || Energy: ~1.02e-17 (-24.98dB)
[@    23m58s] Timestep:        21952 || Speed:  296.8 MC/s (6.474e-02 s/TS) || Energy: ~1.02e-17 (-24.98dB)
[@    24m24s] Timestep:        22344 || Speed:  296.9 MC/s (6.472e-02 s/TS) || Energy: ~2.78e-18 (-30.62dB)
[@    24m49s] Timestep:        22736 || Speed:  296.9 MC/s (6.473e-02 s/TS) || Energy: ~2.78e-18 (-30.62dB)
[@    25m15s] Timestep:        23128 || Speed:  296.9 MC/s (6.472e-02 s/TS) || Energy: ~2.78e-18 (-30.62dB)
[@    25m40s] Timestep:        23520 || Speed:  296.6 MC/s (6.479e-02 s/TS) || Energy: ~2.78e-18 (-30.62dB)
[@    26m05s] Timestep:        23912 || Speed:  296.3 MC/s (6.486e-02 s/TS) || Energy: ~9.70e-19 (-35.20dB)
[@    26m31s] Timestep:        24304 || Speed:  296.4 MC/s (6.482e-02 s/TS) || Energy: ~9.70e-19 (-35.20dB)
[@    26m56s] Timestep:        24696 || Speed:  296.1 MC/s (6.489e-02 s/TS) || Energy: ~9.70e-19 (-35.20dB)
[@    27m22s] Timestep:        25088 || Speed:  296.4 MC/s (6.484e-02 s/TS) || Energy: ~9.70e-19 (-35.20dB)
[@    27m47s] Timestep:        25480 || Speed:  296.7 MC/s (6.476e-02 s/TS) || Energy: ~4.63e-19 (-38.41dB)
[@    28m12s] Timestep:        25872 || Speed:  296.9 MC/s (6.472e-02 s/TS) || Energy: ~4.63e-19 (-38.41dB)
[@    28m38s] Timestep:        26264 || Speed:  295.0 MC/s (6.513e-02 s/TS) || Energy: ~4.63e-19 (-38.41dB)
[@    29m04s] Timestep:        26656 || Speed:  293.1 MC/s (6.557e-02 s/TS) || Energy: ~4.63e-19 (-38.41dB)
[@    29m30s] Timestep:        27048 || Speed:  290.4 MC/s (6.617e-02 s/TS) || Energy: ~2.83e-19 (-40.54dB)
[@    29m57s] Timestep:        27440 || Speed:  279.7 MC/s (6.871e-02 s/TS) || Energy: ~2.83e-19 (-40.54dB)
[@    30m24s] Timestep:        27832 || Speed:  274.9 MC/s (6.990e-02 s/TS) || Energy: ~2.83e-19 (-40.54dB)
[@    30m52s] Timestep:        28224 || Speed:  271.4 MC/s (7.080e-02 s/TS) || Energy: ~2.83e-19 (-40.54dB)
[@    31m19s] Timestep:        28616 || Speed:  274.3 MC/s (7.006e-02 s/TS) || Energy: ~2.00e-19 (-42.06dB)
[@    31m46s] Timestep:        29008 || Speed:  285.4 MC/s (6.732e-02 s/TS) || Energy: ~2.00e-19 (-42.06dB)
[@    32m12s] Timestep:        29400 || Speed:  286.8 MC/s (6.699e-02 s/TS) || Energy: ~2.00e-19 (-42.06dB)
[@    32m39s] Timestep:        29792 || Speed:  279.5 MC/s (6.874e-02 s/TS) || Energy: ~2.00e-19 (-42.06dB)
[@    33m04s] Timestep:        30184 || Speed:  295.4 MC/s (6.505e-02 s/TS) || Energy: ~1.51e-19 (-43.28dB)
[@    33m30s] Timestep:        30576 || Speed:  291.8 MC/s (6.586e-02 s/TS) || Energy: ~1.51e-19 (-43.28dB)
[@    33m56s] Timestep:        30968 || Speed:  293.3 MC/s (6.552e-02 s/TS) || Energy: ~1.51e-19 (-43.28dB)
[@    34m21s] Timestep:        31360 || Speed:  294.2 MC/s (6.532e-02 s/TS) || Energy: ~1.51e-19 (-43.28dB)
[@    34m47s] Timestep:        31752 || Speed:  296.0 MC/s (6.493e-02 s/TS) || Energy: ~1.18e-19 (-44.35dB)
[@    35m12s] Timestep:        32144 || Speed:  295.8 MC/s (6.495e-02 s/TS) || Energy: ~1.18e-19 (-44.35dB)
[@    35m38s] Timestep:        32536 || Speed:  295.2 MC/s (6.510e-02 s/TS) || Energy: ~1.18e-19 (-44.35dB)
[@    36m03s] Timestep:        32928 || Speed:  295.0 MC/s (6.514e-02 s/TS) || Energy: ~1.18e-19 (-44.35dB)
[@    36m29s] Timestep:        33320 || Speed:  294.8 MC/s (6.518e-02 s/TS) || Energy: ~9.40e-20 (-45.33dB)
[@    36m54s] Timestep:        33712 || Speed:  296.0 MC/s (6.493e-02 s/TS) || Energy: ~9.40e-20 (-45.33dB)
[@    37m20s] Timestep:        34104 || Speed:  296.2 MC/s (6.489e-02 s/TS) || Energy: ~9.40e-20 (-45.33dB)
[@    37m45s] Timestep:        34496 || Speed:  296.1 MC/s (6.489e-02 s/TS) || Energy: ~9.40e-20 (-45.33dB)
[@    38m11s] Timestep:        34888 || Speed:  295.7 MC/s (6.498e-02 s/TS) || Energy: ~7.60e-20 (-46.26dB)
[@    38m36s] Timestep:        35280 || Speed:  295.8 MC/s (6.496e-02 s/TS) || Energy: ~7.60e-20 (-46.26dB)
[@    39m02s] Timestep:        35672 || Speed:  296.0 MC/s (6.492e-02 s/TS) || Energy: ~7.60e-20 (-46.26dB)
[@    39m27s] Timestep:        36064 || Speed:  295.9 MC/s (6.495e-02 s/TS) || Energy: ~7.60e-20 (-46.26dB)
[@    39m53s] Timestep:        36456 || Speed:  295.3 MC/s (6.506e-02 s/TS) || Energy: ~6.21e-20 (-47.13dB)
[@    40m18s] Timestep:        36848 || Speed:  295.4 MC/s (6.505e-02 s/TS) || Energy: ~6.21e-20 (-47.13dB)
[@    40m43s] Timestep:        37240 || Speed:  295.9 MC/s (6.493e-02 s/TS) || Energy: ~6.21e-20 (-47.13dB)
[@    41m09s] Timestep:        37632 || Speed:  295.5 MC/s (6.504e-02 s/TS) || Energy: ~6.21e-20 (-47.13dB)
[@    41m34s] Timestep:        38024 || Speed:  295.6 MC/s (6.500e-02 s/TS) || Energy: ~5.14e-20 (-47.95dB)
[@    42m00s] Timestep:        38416 || Speed:  296.0 MC/s (6.491e-02 s/TS) || Energy: ~5.14e-20 (-47.95dB)
[@    42m25s] Timestep:        38808 || Speed:  295.5 MC/s (6.503e-02 s/TS) || Energy: ~5.14e-20 (-47.95dB)
[@    42m51s] Timestep:        39200 || Speed:  295.7 MC/s (6.498e-02 s/TS) || Energy: ~5.14e-20 (-47.95dB)
[@    43m16s] Timestep:        39592 || Speed:  295.9 MC/s (6.495e-02 s/TS) || Energy: ~4.30e-20 (-48.73dB)
[@    43m42s] Timestep:        39984 || Speed:  295.6 MC/s (6.501e-02 s/TS) || Energy: ~4.30e-20 (-48.73dB)
[@    44m08s] Timestep:        40376 || Speed:  292.6 MC/s (6.567e-02 s/TS) || Energy: ~4.30e-20 (-48.73dB)
[@    44m34s] Timestep:        40768 || Speed:  283.3 MC/s (6.784e-02 s/TS) || Energy: ~4.30e-20 (-48.73dB)
[@    45m02s] Timestep:        41160 || Speed:  268.6 MC/s (7.154e-02 s/TS) || Energy: ~3.64e-20 (-49.45dB)
[@    45m30s] Timestep:        41552 || Speed:  267.6 MC/s (7.181e-02 s/TS) || Energy: ~3.64e-20 (-49.45dB)
[@    45m58s] Timestep:        41944 || Speed:  268.1 MC/s (7.168e-02 s/TS) || Energy: ~3.64e-20 (-49.45dB)
[@    46m26s] Timestep:        42336 || Speed:  273.6 MC/s (7.025e-02 s/TS) || Energy: ~3.64e-20 (-49.45dB)
RunFDTD: end-criteria of -50.00dB reached after 42390 timesteps (-50.11dB)
Time for 42390 iterations with 19216290.00 cells : 2790.25 sec
Speed: 291.94 MCells/s
exit 0
