{"model": "d1", "excite": 1, "rects": 83, "sheets": 0, "cells": 24594372, "mesh": [719, 1039, 34], "min_cell_at": [[0.025, 8.05], [0.025, -12.45], [0.02159, 0.1999]]}
openEMS - evaluating the end criteria on a fixed timestep schedule for a machine-independent stopping point (reduces speed)
openEMS - fixed number of threads: 8
 ----------------------------------------------------------------------
 | openEMS 64bit -- version v0.37.0-rc3
 | (C) 2010-2026 openEMS project (upstream copyright banner; e-mail redacted for the privacy scan)
 ----------------------------------------------------------------------
	Used external libraries:
		CSXCAD -- Version: v0.7.0-rc3
		hdf5   -- Version: 1.10.10
		          compiled against: HDF5 library version: 1.10.10
		tinyxml -- compiled against: 2.6.2
		fparser
		boost  -- compiled against: 1_83
		vtk -- Version: 9.1.0
		       compiled against: 9.1.0

Create FDTD operator (compressed SSE + multi-threading)
FDTD simulation size: 719x1039x34 --> 2.53994e+07 FDTD cells
FDTD timestep is: 3.97909e-14 s; Nyquist rate: 1570 timesteps @8.00361e+09 Hz
openEMS::SetupFDTD: Warning, the timestep seems to be very small --> long simulation. Check your mesh!?
Excitation signal length is: 20571 timesteps (8.1854e-10s)
Max. number of timesteps: 600000 ( --> 29.1673 * Excitation signal length)
Create FDTD engine (compressed SSE + multi-threading)
Running FDTD engine... this may take a while... grab a cup of coffee?!?
Exact-endcriteria: evaluating the end criteria every 1570 timestep(s) (this excitation's Nyquist rate)
[@       32s] Timestep:          392 || Speed:  302.4 MC/s (8.398e-02 s/TS) || Energy: ~0.00e+00 (- 0.00dB)
[@     1m05s] Timestep:          784 || Speed:  304.9 MC/s (8.329e-02 s/TS) || Energy: ~0.00e+00 (- 0.00dB)
[@     1m38s] Timestep:         1176 || Speed:  303.7 MC/s (8.363e-02 s/TS) || Energy: ~0.00e+00 (- 0.00dB)
[@     2m11s] Timestep:         1568 || Speed:  302.0 MC/s (8.410e-02 s/TS) || Energy: ~0.00e+00 (- 0.00dB)
[@     2m44s] Timestep:         1960 || Speed:  299.5 MC/s (8.480e-02 s/TS) || Energy: ~1.47e-21 (- 0.00dB)
[@     3m18s] Timestep:         2352 || Speed:  296.2 MC/s (8.574e-02 s/TS) || Energy: ~1.47e-21 (- 0.00dB)
[@     3m52s] Timestep:         2744 || Speed:  287.3 MC/s (8.840e-02 s/TS) || Energy: ~1.47e-21 (- 0.00dB)
[@     4m29s] Timestep:         3136 || Speed:  269.9 MC/s (9.412e-02 s/TS) || Energy: ~1.47e-21 (- 0.00dB)
[@     5m06s] Timestep:         3528 || Speed:  272.7 MC/s (9.314e-02 s/TS) || Energy: ~5.49e-20 (- 0.00dB)
[@     5m42s] Timestep:         3920 || Speed:  272.4 MC/s (9.325e-02 s/TS) || Energy: ~5.49e-20 (- 0.00dB)
[@     6m18s] Timestep:         4312 || Speed:  279.2 MC/s (9.098e-02 s/TS) || Energy: ~5.49e-20 (- 0.00dB)
[@     6m53s] Timestep:         4704 || Speed:  284.4 MC/s (8.931e-02 s/TS) || Energy: ~5.49e-20 (- 0.00dB)
[@     7m29s] Timestep:         5096 || Speed:  275.5 MC/s (9.220e-02 s/TS) || Energy: ~5.34e-18 (- 0.00dB)
[@     8m06s] Timestep:         5488 || Speed:  273.1 MC/s (9.299e-02 s/TS) || Energy: ~5.34e-18 (- 0.00dB)
[@     8m43s] Timestep:         5880 || Speed:  268.6 MC/s (9.455e-02 s/TS) || Energy: ~5.34e-18 (- 0.00dB)
[@     9m19s] Timestep:         6272 || Speed:  273.7 MC/s (9.281e-02 s/TS) || Energy: ~5.34e-18 (- 0.00dB)
[@     9m55s] Timestep:         6664 || Speed:  276.1 MC/s (9.200e-02 s/TS) || Energy: ~2.63e-17 (- 0.00dB)
[@    10m32s] Timestep:         7056 || Speed:  272.8 MC/s (9.311e-02 s/TS) || Energy: ~2.63e-17 (- 0.00dB)
[@    11m08s] Timestep:         7448 || Speed:  275.2 MC/s (9.229e-02 s/TS) || Energy: ~2.63e-17 (- 0.00dB)
[@    11m42s] Timestep:         7840 || Speed:  288.4 MC/s (8.808e-02 s/TS) || Energy: ~2.63e-17 (- 0.00dB)
[@    12m19s] Timestep:         8232 || Speed:  272.1 MC/s (9.336e-02 s/TS) || Energy: ~6.43e-16 (- 0.00dB)
[@    12m55s] Timestep:         8624 || Speed:  274.4 MC/s (9.256e-02 s/TS) || Energy: ~6.43e-16 (- 0.00dB)
[@    13m32s] Timestep:         9016 || Speed:  270.8 MC/s (9.378e-02 s/TS) || Energy: ~6.43e-16 (- 0.00dB)
[@    14m09s] Timestep:         9408 || Speed:  267.3 MC/s (9.501e-02 s/TS) || Energy: ~6.43e-16 (- 0.00dB)
[@    14m46s] Timestep:         9800 || Speed:  273.6 MC/s (9.285e-02 s/TS) || Energy: ~1.15e-15 (- 0.00dB)
[@    15m23s] Timestep:        10192 || Speed:  269.3 MC/s (9.430e-02 s/TS) || Energy: ~1.15e-15 (- 0.00dB)
[@    15m31s] Timestep:        10285 || Speed:  272.5 MC/s (9.322e-02 s/TS) || Energy: ~2.58e-15 (- 0.00dB)
[@    16m00s] Timestep:        10584 || Speed:  267.7 MC/s (9.489e-02 s/TS) || Energy: ~2.58e-15 (- 0.00dB)
[@    16m36s] Timestep:        10976 || Speed:  275.8 MC/s (9.209e-02 s/TS) || Energy: ~2.58e-15 (- 0.00dB)
[@    17m12s] Timestep:        11368 || Speed:  275.5 MC/s (9.219e-02 s/TS) || Energy: ~3.50e-15 (- 0.00dB)
[@    17m48s] Timestep:        11760 || Speed:  275.4 MC/s (9.224e-02 s/TS) || Energy: ~3.50e-15 (- 0.00dB)
[@    18m25s] Timestep:        12152 || Speed:  269.0 MC/s (9.443e-02 s/TS) || Energy: ~3.50e-15 (- 0.00dB)
[@    19m01s] Timestep:        12544 || Speed:  272.8 MC/s (9.311e-02 s/TS) || Energy: ~3.50e-15 (- 0.00dB)
[@    19m36s] Timestep:        12936 || Speed:  286.1 MC/s (8.878e-02 s/TS) || Energy: ~3.62e-15 (- 0.00dB)
[@    20m13s] Timestep:        13328 || Speed:  267.7 MC/s (9.488e-02 s/TS) || Energy: ~3.62e-15 (- 0.00dB)
[@    20m50s] Timestep:        13720 || Speed:  272.1 MC/s (9.334e-02 s/TS) || Energy: ~3.62e-15 (- 0.00dB)
[@    21m27s] Timestep:        14112 || Speed:  266.4 MC/s (9.536e-02 s/TS) || Energy: ~3.62e-15 (- 0.00dB)
[@    22m05s] Timestep:        14504 || Speed:  268.0 MC/s (9.479e-02 s/TS) || Energy: ~1.47e-15 (- 3.93dB)
[@    22m40s] Timestep:        14896 || Speed:  281.5 MC/s (9.022e-02 s/TS) || Energy: ~1.47e-15 (- 3.93dB)
[@    23m15s] Timestep:        15288 || Speed:  280.4 MC/s (9.057e-02 s/TS) || Energy: ~1.47e-15 (- 3.93dB)
[@    23m51s] Timestep:        15680 || Speed:  279.6 MC/s (9.083e-02 s/TS) || Energy: ~1.47e-15 (- 3.93dB)
[@    24m27s] Timestep:        16072 || Speed:  276.9 MC/s (9.173e-02 s/TS) || Energy: ~9.03e-16 (- 6.03dB)
[@    25m03s] Timestep:        16464 || Speed:  275.6 MC/s (9.217e-02 s/TS) || Energy: ~9.03e-16 (- 6.03dB)
[@    25m38s] Timestep:        16856 || Speed:  283.6 MC/s (8.955e-02 s/TS) || Energy: ~9.03e-16 (- 6.03dB)
[@    26m13s] Timestep:        17248 || Speed:  282.7 MC/s (8.986e-02 s/TS) || Energy: ~9.03e-16 (- 6.03dB)
[@    26m50s] Timestep:        17640 || Speed:  269.8 MC/s (9.415e-02 s/TS) || Energy: ~1.15e-16 (-14.97dB)
[@    27m27s] Timestep:        18032 || Speed:  271.7 MC/s (9.347e-02 s/TS) || Energy: ~1.15e-16 (-14.97dB)
[@    28m02s] Timestep:        18424 || Speed:  284.6 MC/s (8.923e-02 s/TS) || Energy: ~1.15e-16 (-14.97dB)
[@    28m38s] Timestep:        18816 || Speed:  279.9 MC/s (9.073e-02 s/TS) || Energy: ~1.15e-16 (-14.97dB)
[@    29m14s] Timestep:        19208 || Speed:  272.1 MC/s (9.336e-02 s/TS) || Energy: ~4.30e-17 (-19.25dB)
[@    29m51s] Timestep:        19600 || Speed:  271.4 MC/s (9.358e-02 s/TS) || Energy: ~4.30e-17 (-19.25dB)
[@    30m26s] Timestep:        19992 || Speed:  279.8 MC/s (9.079e-02 s/TS) || Energy: ~4.30e-17 (-19.25dB)
[@    31m01s] Timestep:        20384 || Speed:  286.2 MC/s (8.876e-02 s/TS) || Energy: ~4.30e-17 (-19.25dB)
[@    31m36s] Timestep:        20776 || Speed:  287.1 MC/s (8.847e-02 s/TS) || Energy: ~9.56e-18 (-25.79dB)
[@    32m10s] Timestep:        21168 || Speed:  290.3 MC/s (8.751e-02 s/TS) || Energy: ~9.56e-18 (-25.79dB)
[@    32m46s] Timestep:        21560 || Speed:  280.1 MC/s (9.069e-02 s/TS) || Energy: ~9.56e-18 (-25.79dB)
[@    33m22s] Timestep:        21952 || Speed:  276.8 MC/s (9.175e-02 s/TS) || Energy: ~9.56e-18 (-25.79dB)
[@    33m57s] Timestep:        22344 || Speed:  282.1 MC/s (9.005e-02 s/TS) || Energy: ~2.77e-18 (-31.16dB)
[@    34m32s] Timestep:        22736 || Speed:  287.6 MC/s (8.831e-02 s/TS) || Energy: ~2.77e-18 (-31.16dB)
[@    35m07s] Timestep:        23128 || Speed:  279.4 MC/s (9.089e-02 s/TS) || Energy: ~2.77e-18 (-31.16dB)
[@    35m43s] Timestep:        23520 || Speed:  282.1 MC/s (9.005e-02 s/TS) || Energy: ~2.77e-18 (-31.16dB)
[@    36m18s] Timestep:        23912 || Speed:  282.4 MC/s (8.994e-02 s/TS) || Energy: ~1.11e-18 (-35.13dB)
[@    36m53s] Timestep:        24304 || Speed:  283.0 MC/s (8.974e-02 s/TS) || Energy: ~1.11e-18 (-35.13dB)
[@    37m28s] Timestep:        24696 || Speed:  286.9 MC/s (8.854e-02 s/TS) || Energy: ~1.11e-18 (-35.13dB)
[@    38m03s] Timestep:        25088 || Speed:  281.8 MC/s (9.013e-02 s/TS) || Energy: ~1.11e-18 (-35.13dB)
[@    38m37s] Timestep:        25480 || Speed:  291.2 MC/s (8.722e-02 s/TS) || Energy: ~6.01e-19 (-37.80dB)
[@    39m12s] Timestep:        25872 || Speed:  286.6 MC/s (8.861e-02 s/TS) || Energy: ~6.01e-19 (-37.80dB)
[@    39m46s] Timestep:        26264 || Speed:  290.1 MC/s (8.756e-02 s/TS) || Energy: ~6.01e-19 (-37.80dB)
[@    40m20s] Timestep:        26656 || Speed:  295.0 MC/s (8.609e-02 s/TS) || Energy: ~6.01e-19 (-37.80dB)
[@    40m53s] Timestep:        27048 || Speed:  298.1 MC/s (8.522e-02 s/TS) || Energy: ~3.87e-19 (-39.71dB)
[@    41m27s] Timestep:        27440 || Speed:  296.1 MC/s (8.577e-02 s/TS) || Energy: ~3.87e-19 (-39.71dB)
[@    42m00s] Timestep:        27832 || Speed:  299.2 MC/s (8.488e-02 s/TS) || Energy: ~3.87e-19 (-39.71dB)
[@    42m34s] Timestep:        28224 || Speed:  299.8 MC/s (8.473e-02 s/TS) || Energy: ~3.87e-19 (-39.71dB)
[@    43m07s] Timestep:        28616 || Speed:  299.9 MC/s (8.469e-02 s/TS) || Energy: ~2.69e-19 (-41.29dB)
[@    43m40s] Timestep:        29008 || Speed:  299.1 MC/s (8.492e-02 s/TS) || Energy: ~2.69e-19 (-41.29dB)
[@    44m13s] Timestep:        29400 || Speed:  298.7 MC/s (8.505e-02 s/TS) || Energy: ~2.69e-19 (-41.29dB)
[@    44m47s] Timestep:        29792 || Speed:  293.2 MC/s (8.661e-02 s/TS) || Energy: ~2.69e-19 (-41.29dB)
[@    45m22s] Timestep:        30184 || Speed:  284.4 MC/s (8.930e-02 s/TS) || Energy: ~1.94e-19 (-42.72dB)
[@    45m58s] Timestep:        30576 || Speed:  275.6 MC/s (9.217e-02 s/TS) || Energy: ~1.94e-19 (-42.72dB)
[@    46m35s] Timestep:        30968 || Speed:  272.7 MC/s (9.315e-02 s/TS) || Energy: ~1.94e-19 (-42.72dB)
[@    47m10s] Timestep:        31360 || Speed:  281.0 MC/s (9.040e-02 s/TS) || Energy: ~1.94e-19 (-42.72dB)
[@    47m45s] Timestep:        31752 || Speed:  285.4 MC/s (8.898e-02 s/TS) || Energy: ~1.43e-19 (-44.03dB)
[@    48m20s] Timestep:        32144 || Speed:  289.2 MC/s (8.783e-02 s/TS) || Energy: ~1.43e-19 (-44.03dB)
[@    48m56s] Timestep:        32536 || Speed:  274.1 MC/s (9.267e-02 s/TS) || Energy: ~1.43e-19 (-44.03dB)
[@    49m32s] Timestep:        32928 || Speed:  274.5 MC/s (9.254e-02 s/TS) || Energy: ~1.43e-19 (-44.03dB)
[@    49m36s] Timestep:        32970 || Speed:  258.1 MC/s (9.840e-02 s/TS) || Energy: ~1.09e-19 (-45.23dB)
[@    50m09s] Timestep:        33320 || Speed:  276.0 MC/s (9.203e-02 s/TS) || Energy: ~1.09e-19 (-45.23dB)
[@    50m45s] Timestep:        33712 || Speed:  277.3 MC/s (9.161e-02 s/TS) || Energy: ~1.09e-19 (-45.23dB)
[@    51m20s] Timestep:        34104 || Speed:  282.7 MC/s (8.984e-02 s/TS) || Energy: ~1.09e-19 (-45.23dB)
[@    51m55s] Timestep:        34496 || Speed:  285.1 MC/s (8.908e-02 s/TS) || Energy: ~1.09e-19 (-45.23dB)
[@    52m30s] Timestep:        34888 || Speed:  281.1 MC/s (9.036e-02 s/TS) || Energy: ~8.47e-20 (-46.31dB)
[@    53m04s] Timestep:        35280 || Speed:  290.5 MC/s (8.743e-02 s/TS) || Energy: ~8.47e-20 (-46.31dB)
[@    53m40s] Timestep:        35672 || Speed:  282.6 MC/s (8.987e-02 s/TS) || Energy: ~8.47e-20 (-46.31dB)
[@    54m16s] Timestep:        36064 || Speed:  275.1 MC/s (9.234e-02 s/TS) || Energy: ~8.47e-20 (-46.31dB)
[@    54m20s] Timestep:        36110 || Speed:  258.8 MC/s (9.816e-02 s/TS) || Energy: ~6.77e-20 (-47.28dB)
[@    54m53s] Timestep:        36456 || Speed:  269.0 MC/s (9.442e-02 s/TS) || Energy: ~6.77e-20 (-47.28dB)
[@    55m29s] Timestep:        36848 || Speed:  277.8 MC/s (9.144e-02 s/TS) || Energy: ~6.77e-20 (-47.28dB)
[@    56m04s] Timestep:        37240 || Speed:  282.6 MC/s (8.986e-02 s/TS) || Energy: ~6.77e-20 (-47.28dB)
[@    56m39s] Timestep:        37632 || Speed:  283.9 MC/s (8.946e-02 s/TS) || Energy: ~6.77e-20 (-47.28dB)
[@    56m44s] Timestep:        37680 || Speed:  273.8 MC/s (9.277e-02 s/TS) || Energy: ~5.57e-20 (-48.13dB)
[@    57m17s] Timestep:        38024 || Speed:  261.4 MC/s (9.717e-02 s/TS) || Energy: ~5.57e-20 (-48.13dB)
[@    57m56s] Timestep:        38416 || Speed:  257.9 MC/s (9.847e-02 s/TS) || Energy: ~5.57e-20 (-48.13dB)
[@    58m32s] Timestep:        38808 || Speed:  270.7 MC/s (9.384e-02 s/TS) || Energy: ~5.57e-20 (-48.13dB)
[@    59m08s] Timestep:        39200 || Speed:  282.3 MC/s (8.998e-02 s/TS) || Energy: ~5.57e-20 (-48.13dB)
[@    59m12s] Timestep:        39250 || Speed:  273.9 MC/s (9.274e-02 s/TS) || Energy: ~4.72e-20 (-48.85dB)
[@    59m45s] Timestep:        39592 || Speed:  265.4 MC/s (9.571e-02 s/TS) || Energy: ~4.72e-20 (-48.85dB)
[@  1h00m20s] Timestep:        39984 || Speed:  283.2 MC/s (8.969e-02 s/TS) || Energy: ~4.72e-20 (-48.85dB)
[@  1h00m55s] Timestep:        40376 || Speed:  289.2 MC/s (8.782e-02 s/TS) || Energy: ~4.72e-20 (-48.85dB)
[@  1h01m29s] Timestep:        40768 || Speed:  291.6 MC/s (8.711e-02 s/TS) || Energy: ~4.72e-20 (-48.85dB)
[@  1h01m33s] Timestep:        40820 || Speed:  294.6 MC/s (8.623e-02 s/TS) || Energy: ~4.10e-20 (-49.46dB)
[@  1h02m04s] Timestep:        41160 || Speed:  277.3 MC/s (9.160e-02 s/TS) || Energy: ~4.10e-20 (-49.46dB)
[@  1h02m41s] Timestep:        41552 || Speed:  269.8 MC/s (9.413e-02 s/TS) || Energy: ~4.10e-20 (-49.46dB)
[@  1h03m16s] Timestep:        41944 || Speed:  287.7 MC/s (8.828e-02 s/TS) || Energy: ~4.10e-20 (-49.46dB)
[@  1h03m52s] Timestep:        42336 || Speed:  279.0 MC/s (9.104e-02 s/TS) || Energy: ~4.10e-20 (-49.46dB)
[@  1h03m57s] Timestep:        42390 || Speed:  268.1 MC/s (9.475e-02 s/TS) || Energy: ~3.65e-20 (-49.96dB)
[@  1h04m28s] Timestep:        42728 || Speed:  275.7 MC/s (9.214e-02 s/TS) || Energy: ~3.65e-20 (-49.96dB)
[@  1h05m03s] Timestep:        43120 || Speed:  285.4 MC/s (8.898e-02 s/TS) || Energy: ~3.65e-20 (-49.96dB)
[@  1h05m37s] Timestep:        43512 || Speed:  289.4 MC/s (8.776e-02 s/TS) || Energy: ~3.65e-20 (-49.96dB)
[@  1h06m14s] Timestep:        43904 || Speed:  272.0 MC/s (9.339e-02 s/TS) || Energy: ~3.65e-20 (-49.96dB)
[@  1h06m19s] Timestep:        43960 || Speed:  271.3 MC/s (9.362e-02 s/TS) || Energy: ~3.31e-20 (-50.39dB)
RunFDTD: end-criteria of -50.00dB reached after 43960 timesteps (-50.39dB)
Time for 43960 iterations with 25399394.00 cells : 3979.53 sec
Speed: 280.58 MCells/s
exit 0
