{"model": "line30", "excite": 1, "rects": 1, "sheets": 0, "cells": 2372864, "mesh": [833, 93, 32], "min_cell_at": [[0.05, 16.1], [0.05, -1.4], [0.02159, 0.1999]]}
openEMS - evaluating the end criteria on a fixed timestep schedule for a machine-independent stopping point (reduces speed)
openEMS - fixed number of threads: 8
 ----------------------------------------------------------------------
 | openEMS 64bit -- version v0.37.0-rc3
 | (C) 2010-2026 openEMS project (upstream copyright banner; e-mail redacted for the privacy scan)
 ----------------------------------------------------------------------
	Used external libraries:
		CSXCAD -- Version: v0.7.0-rc3
		hdf5   -- Version: 1.10.10
		          compiled against: HDF5 library version: 1.10.10
		tinyxml -- compiled against: 2.6.2
		fparser
		boost  -- compiled against: 1_83
		vtk -- Version: 9.1.0
		       compiled against: 9.1.0

Create FDTD operator (compressed SSE + multi-threading)
FDTD simulation size: 833x93x32 --> 2.47901e+06 FDTD cells
FDTD timestep is: 5.88045e-14 s; Nyquist rate: 1062 timesteps @8.00636e+09 Hz
openEMS::SetupFDTD: Warning, the timestep seems to be very small --> long simulation. Check your mesh!?
Excitation signal length is: 13920 timesteps (8.18558e-10s)
Max. number of timesteps: 600000 ( --> 43.1034 * Excitation signal length)
Create FDTD engine (compressed SSE + multi-threading)
Running FDTD engine... this may take a while... grab a cup of coffee?!?
Exact-endcriteria: evaluating the end criteria every 1062 timestep(s) (this excitation's Nyquist rate)
[@        5s] Timestep:          795 || Speed:  351.2 MC/s (7.059e-03 s/TS) || Energy: ~0.00e+00 (- 0.00dB)
[@       11s] Timestep:         1590 || Speed:  329.6 MC/s (7.522e-03 s/TS) || Energy: ~1.73e-21 (- 0.00dB)
[@       15s] Timestep:         2120 || Speed:  306.7 MC/s (8.083e-03 s/TS) || Energy: ~1.73e-21 (- 0.00dB)
[@       21s] Timestep:         2915 || Speed:  324.5 MC/s (7.638e-03 s/TS) || Energy: ~5.57e-20 (- 0.00dB)
[@       26s] Timestep:         3445 || Speed:  320.0 MC/s (7.747e-03 s/TS) || Energy: ~6.06e-18 (- 0.00dB)
[@       30s] Timestep:         3975 || Speed:  294.9 MC/s (8.407e-03 s/TS) || Energy: ~6.06e-18 (- 0.00dB)
[@       35s] Timestep:         4505 || Speed:  291.9 MC/s (8.492e-03 s/TS) || Energy: ~2.63e-17 (- 0.00dB)
[@       39s] Timestep:         5035 || Speed:  285.5 MC/s (8.682e-03 s/TS) || Energy: ~2.63e-17 (- 0.00dB)
[@       44s] Timestep:         5565 || Speed:  288.8 MC/s (8.584e-03 s/TS) || Energy: ~7.01e-16 (- 0.00dB)
[@       48s] Timestep:         6095 || Speed:  293.2 MC/s (8.454e-03 s/TS) || Energy: ~7.01e-16 (- 0.00dB)
[@       53s] Timestep:         6625 || Speed:  278.6 MC/s (8.898e-03 s/TS) || Energy: ~1.21e-15 (- 0.00dB)
[@       57s] Timestep:         7155 || Speed:  317.7 MC/s (7.804e-03 s/TS) || Energy: ~3.00e-15 (- 0.00dB)
[@     1m01s] Timestep:         7685 || Speed:  297.7 MC/s (8.328e-03 s/TS) || Energy: ~4.23e-15 (- 0.00dB)
[@     1m06s] Timestep:         8215 || Speed:  316.9 MC/s (7.823e-03 s/TS) || Energy: ~4.23e-15 (- 0.00dB)
[@     1m10s] Timestep:         8745 || Speed:  295.1 MC/s (8.401e-03 s/TS) || Energy: ~4.60e-15 (- 0.00dB)
[@     1m14s] Timestep:         9275 || Speed:  295.8 MC/s (8.380e-03 s/TS) || Energy: ~4.60e-15 (- 0.00dB)
[@     1m19s] Timestep:         9805 || Speed:  304.7 MC/s (8.135e-03 s/TS) || Energy: ~4.34e-15 (- 0.25dB)
[@     1m23s] Timestep:        10335 || Speed:  279.3 MC/s (8.875e-03 s/TS) || Energy: ~4.34e-15 (- 0.25dB)
[@     1m28s] Timestep:        10865 || Speed:  305.1 MC/s (8.125e-03 s/TS) || Energy: ~2.87e-15 (- 2.05dB)
[@     1m33s] Timestep:        11660 || Speed:  344.6 MC/s (7.194e-03 s/TS) || Energy: ~2.87e-15 (- 2.05dB)
[@     1m39s] Timestep:        12455 || Speed:  352.2 MC/s (7.038e-03 s/TS) || Energy: ~1.05e-15 (- 6.40dB)
[@     1m45s] Timestep:        13250 || Speed:  343.1 MC/s (7.226e-03 s/TS) || Energy: ~1.98e-16 (-13.65dB)
[@     1m50s] Timestep:        14045 || Speed:  357.1 MC/s (6.942e-03 s/TS) || Energy: ~2.82e-17 (-22.13dB)
[@     1m56s] Timestep:        14840 || Speed:  345.4 MC/s (7.177e-03 s/TS) || Energy: ~2.82e-17 (-22.13dB)
[@     2m02s] Timestep:        15635 || Speed:  326.7 MC/s (7.589e-03 s/TS) || Energy: ~2.09e-18 (-33.42dB)
[@     2m08s] Timestep:        16430 || Speed:  331.3 MC/s (7.483e-03 s/TS) || Energy: ~5.58e-19 (-39.16dB)
[@     2m12s] Timestep:        16960 || Speed:  317.1 MC/s (7.817e-03 s/TS) || Energy: ~5.58e-19 (-39.16dB)
[@     2m16s] Timestep:        17490 || Speed:  312.3 MC/s (7.939e-03 s/TS) || Energy: ~1.54e-19 (-44.74dB)
[@     2m20s] Timestep:        18020 || Speed:  328.0 MC/s (7.558e-03 s/TS) || Energy: ~1.54e-19 (-44.74dB)
[@     2m25s] Timestep:        18550 || Speed:  309.4 MC/s (8.011e-03 s/TS) || Energy: ~6.21e-20 (-48.69dB)
[@     2m29s] Timestep:        19116 || Speed:  334.1 MC/s (7.419e-03 s/TS) || Energy: ~3.53e-20 (-51.14dB)
RunFDTD: end-criteria of -50.00dB reached after 19116 timesteps (-51.14dB)
Time for 19116 iterations with 2479008.00 cells : 149.34 sec
Speed: 317.33 MCells/s
exit 0
