{"model": "r1", "excite": 1, "rects": 5, "sheets": 0, "cells": 18600516, "mesh": [615, 919, 34], "min_cell_at": [[0.025, 8.05], [0.025, -10.95], [0.02159, 0.1999]]}
openEMS - evaluating the end criteria on a fixed timestep schedule for a machine-independent stopping point (reduces speed)
openEMS - fixed number of threads: 8
 ----------------------------------------------------------------------
 | openEMS 64bit -- version v0.37.0-rc3
 | (C) 2010-2026 openEMS project (upstream copyright banner; e-mail redacted for the privacy scan)
 ----------------------------------------------------------------------
	Used external libraries:
		CSXCAD -- Version: v0.7.0-rc3
		hdf5   -- Version: 1.10.10
		          compiled against: HDF5 library version: 1.10.10
		tinyxml -- compiled against: 2.6.2
		fparser
		boost  -- compiled against: 1_83
		vtk -- Version: 9.1.0
		       compiled against: 9.1.0

Create FDTD operator (compressed SSE + multi-threading)
FDTD simulation size: 615x919x34 --> 1.92163e+07 FDTD cells
FDTD timestep is: 3.97909e-14 s; Nyquist rate: 1570 timesteps @8.00361e+09 Hz
openEMS::SetupFDTD: Warning, the timestep seems to be very small --> long simulation. Check your mesh!?
Excitation signal length is: 20571 timesteps (8.1854e-10s)
Max. number of timesteps: 600000 ( --> 29.1673 * Excitation signal length)
Create FDTD engine (compressed SSE + multi-threading)
Running FDTD engine... this may take a while... grab a cup of coffee?!?
Exact-endcriteria: evaluating the end criteria every 1570 timestep(s) (this excitation's Nyquist rate)
[@       25s] Timestep:          392 || Speed:  297.4 MC/s (6.462e-02 s/TS) || Energy: ~0.00e+00 (- 0.00dB)
[@       51s] Timestep:          784 || Speed:  285.8 MC/s (6.723e-02 s/TS) || Energy: ~0.00e+00 (- 0.00dB)
[@     1m17s] Timestep:         1176 || Speed:  286.5 MC/s (6.708e-02 s/TS) || Energy: ~0.00e+00 (- 0.00dB)
[@     1m44s] Timestep:         1568 || Speed:  280.1 MC/s (6.860e-02 s/TS) || Energy: ~0.00e+00 (- 0.00dB)
[@     2m11s] Timestep:         1960 || Speed:  282.6 MC/s (6.800e-02 s/TS) || Energy: ~1.46e-21 (- 0.00dB)
[@     2m37s] Timestep:         2352 || Speed:  284.7 MC/s (6.750e-02 s/TS) || Energy: ~1.46e-21 (- 0.00dB)
[@     3m05s] Timestep:         2744 || Speed:  272.8 MC/s (7.045e-02 s/TS) || Energy: ~1.46e-21 (- 0.00dB)
[@     3m33s] Timestep:         3136 || Speed:  272.2 MC/s (7.058e-02 s/TS) || Energy: ~1.46e-21 (- 0.00dB)
[@     4m00s] Timestep:         3528 || Speed:  273.7 MC/s (7.021e-02 s/TS) || Energy: ~5.50e-20 (- 0.00dB)
[@     4m28s] Timestep:         3920 || Speed:  275.2 MC/s (6.984e-02 s/TS) || Energy: ~5.50e-20 (- 0.00dB)
[@     4m55s] Timestep:         4312 || Speed:  274.1 MC/s (7.010e-02 s/TS) || Energy: ~5.50e-20 (- 0.00dB)
[@     5m23s] Timestep:         4704 || Speed:  273.7 MC/s (7.020e-02 s/TS) || Energy: ~5.50e-20 (- 0.00dB)
[@     5m50s] Timestep:         5096 || Speed:  274.5 MC/s (7.001e-02 s/TS) || Energy: ~5.38e-18 (- 0.00dB)
[@     6m17s] Timestep:         5488 || Speed:  280.5 MC/s (6.852e-02 s/TS) || Energy: ~5.38e-18 (- 0.00dB)
[@     6m43s] Timestep:         5880 || Speed:  292.6 MC/s (6.568e-02 s/TS) || Energy: ~5.38e-18 (- 0.00dB)
[@     7m08s] Timestep:         6272 || Speed:  295.9 MC/s (6.494e-02 s/TS) || Energy: ~5.38e-18 (- 0.00dB)
[@     7m34s] Timestep:         6664 || Speed:  291.5 MC/s (6.591e-02 s/TS) || Energy: ~2.61e-17 (- 0.00dB)
[@     7m59s] Timestep:         7056 || Speed:  298.3 MC/s (6.441e-02 s/TS) || Energy: ~2.61e-17 (- 0.00dB)
[@     8m25s] Timestep:         7448 || Speed:  298.1 MC/s (6.446e-02 s/TS) || Energy: ~2.61e-17 (- 0.00dB)
[@     8m50s] Timestep:         7840 || Speed:  297.7 MC/s (6.455e-02 s/TS) || Energy: ~2.61e-17 (- 0.00dB)
[@     9m15s] Timestep:         8232 || Speed:  297.9 MC/s (6.450e-02 s/TS) || Energy: ~6.47e-16 (- 0.00dB)
[@     9m40s] Timestep:         8624 || Speed:  298.2 MC/s (6.444e-02 s/TS) || Energy: ~6.47e-16 (- 0.00dB)
[@    10m06s] Timestep:         9016 || Speed:  298.1 MC/s (6.446e-02 s/TS) || Energy: ~6.47e-16 (- 0.00dB)
[@    10m31s] Timestep:         9408 || Speed:  298.0 MC/s (6.447e-02 s/TS) || Energy: ~6.47e-16 (- 0.00dB)
[@    10m56s] Timestep:         9800 || Speed:  298.0 MC/s (6.448e-02 s/TS) || Energy: ~1.19e-15 (- 0.00dB)
[@    11m21s] Timestep:        10192 || Speed:  297.9 MC/s (6.451e-02 s/TS) || Energy: ~1.19e-15 (- 0.00dB)
[@    11m27s] Timestep:        10285 || Speed:  297.7 MC/s (6.455e-02 s/TS) || Energy: ~2.68e-15 (- 0.00dB)
[@    11m47s] Timestep:        10584 || Speed:  298.4 MC/s (6.439e-02 s/TS) || Energy: ~2.68e-15 (- 0.00dB)
[@    12m12s] Timestep:        10976 || Speed:  298.6 MC/s (6.435e-02 s/TS) || Energy: ~2.68e-15 (- 0.00dB)
[@    12m37s] Timestep:        11368 || Speed:  297.9 MC/s (6.450e-02 s/TS) || Energy: ~3.58e-15 (- 0.00dB)
[@    13m03s] Timestep:        11760 || Speed:  298.1 MC/s (6.446e-02 s/TS) || Energy: ~3.58e-15 (- 0.00dB)
[@    13m28s] Timestep:        12152 || Speed:  298.3 MC/s (6.443e-02 s/TS) || Energy: ~3.58e-15 (- 0.00dB)
[@    13m53s] Timestep:        12544 || Speed:  298.5 MC/s (6.437e-02 s/TS) || Energy: ~3.58e-15 (- 0.00dB)
[@    14m18s] Timestep:        12936 || Speed:  298.1 MC/s (6.447e-02 s/TS) || Energy: ~3.83e-15 (- 0.00dB)
[@    14m44s] Timestep:        13328 || Speed:  298.1 MC/s (6.446e-02 s/TS) || Energy: ~3.83e-15 (- 0.00dB)
[@    15m09s] Timestep:        13720 || Speed:  298.0 MC/s (6.448e-02 s/TS) || Energy: ~3.83e-15 (- 0.00dB)
[@    15m34s] Timestep:        14112 || Speed:  298.2 MC/s (6.444e-02 s/TS) || Energy: ~3.83e-15 (- 0.00dB)
[@    15m59s] Timestep:        14504 || Speed:  297.6 MC/s (6.457e-02 s/TS) || Energy: ~1.77e-15 (- 3.35dB)
[@    16m25s] Timestep:        14896 || Speed:  297.6 MC/s (6.456e-02 s/TS) || Energy: ~1.77e-15 (- 3.35dB)
[@    16m50s] Timestep:        15288 || Speed:  297.9 MC/s (6.450e-02 s/TS) || Energy: ~1.77e-15 (- 3.35dB)
[@    17m15s] Timestep:        15680 || Speed:  298.0 MC/s (6.448e-02 s/TS) || Energy: ~1.77e-15 (- 3.35dB)
[@    17m41s] Timestep:        16072 || Speed:  298.0 MC/s (6.449e-02 s/TS) || Energy: ~1.07e-15 (- 5.55dB)
[@    18m06s] Timestep:        16464 || Speed:  298.8 MC/s (6.432e-02 s/TS) || Energy: ~1.07e-15 (- 5.55dB)
[@    18m31s] Timestep:        16856 || Speed:  298.1 MC/s (6.447e-02 s/TS) || Energy: ~1.07e-15 (- 5.55dB)
[@    18m56s] Timestep:        17248 || Speed:  298.5 MC/s (6.438e-02 s/TS) || Energy: ~1.07e-15 (- 5.55dB)
[@    19m21s] Timestep:        17640 || Speed:  298.7 MC/s (6.434e-02 s/TS) || Energy: ~1.39e-16 (-14.42dB)
[@    19m47s] Timestep:        18032 || Speed:  298.2 MC/s (6.443e-02 s/TS) || Energy: ~1.39e-16 (-14.42dB)
[@    20m12s] Timestep:        18424 || Speed:  299.1 MC/s (6.425e-02 s/TS) || Energy: ~1.39e-16 (-14.42dB)
[@    20m37s] Timestep:        18816 || Speed:  298.4 MC/s (6.439e-02 s/TS) || Energy: ~1.39e-16 (-14.42dB)
[@    21m02s] Timestep:        19208 || Speed:  298.9 MC/s (6.428e-02 s/TS) || Energy: ~5.39e-17 (-18.52dB)
[@    21m28s] Timestep:        19600 || Speed:  298.5 MC/s (6.437e-02 s/TS) || Energy: ~5.39e-17 (-18.52dB)
[@    21m53s] Timestep:        19992 || Speed:  298.1 MC/s (6.446e-02 s/TS) || Energy: ~5.39e-17 (-18.52dB)
[@    22m18s] Timestep:        20384 || Speed:  298.3 MC/s (6.442e-02 s/TS) || Energy: ~5.39e-17 (-18.52dB)
[@    22m43s] Timestep:        20776 || Speed:  298.2 MC/s (6.445e-02 s/TS) || Energy: ~1.12e-17 (-25.36dB)
[@    23m09s] Timestep:        21168 || Speed:  298.7 MC/s (6.434e-02 s/TS) || Energy: ~1.12e-17 (-25.36dB)
[@    23m34s] Timestep:        21560 || Speed:  298.7 MC/s (6.433e-02 s/TS) || Energy: ~1.12e-17 (-25.36dB)
[@    23m59s] Timestep:        21952 || Speed:  298.4 MC/s (6.440e-02 s/TS) || Energy: ~1.12e-17 (-25.36dB)
[@    24m24s] Timestep:        22344 || Speed:  298.4 MC/s (6.440e-02 s/TS) || Energy: ~3.21e-18 (-30.77dB)
[@    24m50s] Timestep:        22736 || Speed:  298.3 MC/s (6.441e-02 s/TS) || Energy: ~3.21e-18 (-30.77dB)
[@    25m15s] Timestep:        23128 || Speed:  298.2 MC/s (6.445e-02 s/TS) || Energy: ~3.21e-18 (-30.77dB)
[@    25m40s] Timestep:        23520 || Speed:  298.3 MC/s (6.443e-02 s/TS) || Energy: ~3.21e-18 (-30.77dB)
[@    26m05s] Timestep:        23912 || Speed:  298.1 MC/s (6.447e-02 s/TS) || Energy: ~1.26e-18 (-34.84dB)
[@    26m31s] Timestep:        24304 || Speed:  298.1 MC/s (6.445e-02 s/TS) || Energy: ~1.26e-18 (-34.84dB)
[@    26m56s] Timestep:        24696 || Speed:  297.8 MC/s (6.454e-02 s/TS) || Energy: ~1.26e-18 (-34.84dB)
[@    27m21s] Timestep:        25088 || Speed:  297.7 MC/s (6.456e-02 s/TS) || Energy: ~1.26e-18 (-34.84dB)
[@    27m47s] Timestep:        25480 || Speed:  293.8 MC/s (6.540e-02 s/TS) || Energy: ~6.86e-19 (-37.47dB)
[@    28m13s] Timestep:        25872 || Speed:  292.9 MC/s (6.561e-02 s/TS) || Energy: ~6.86e-19 (-37.47dB)
[@    28m39s] Timestep:        26264 || Speed:  282.7 MC/s (6.798e-02 s/TS) || Energy: ~6.86e-19 (-37.47dB)
[@    29m24s] Timestep:        26656 || Speed:  167.9 MC/s (1.144e-01 s/TS) || Energy: ~6.86e-19 (-37.47dB)
[@    30m09s] Timestep:        27048 || Speed:  167.2 MC/s (1.149e-01 s/TS) || Energy: ~4.55e-19 (-39.26dB)
[@    30m55s] Timestep:        27440 || Speed:  166.0 MC/s (1.158e-01 s/TS) || Energy: ~4.55e-19 (-39.26dB)
[@    31m40s] Timestep:        27832 || Speed:  167.4 MC/s (1.148e-01 s/TS) || Energy: ~4.55e-19 (-39.26dB)
[@    32m24s] Timestep:        28224 || Speed:  169.2 MC/s (1.136e-01 s/TS) || Energy: ~4.55e-19 (-39.26dB)
[@    32m28s] Timestep:        28260 || Speed:  163.2 MC/s (1.177e-01 s/TS) || Energy: ~3.20e-19 (-40.79dB)
[@    33m09s] Timestep:        28616 || Speed:  167.9 MC/s (1.145e-01 s/TS) || Energy: ~3.20e-19 (-40.79dB)
[@    33m54s] Timestep:        29008 || Speed:  166.3 MC/s (1.155e-01 s/TS) || Energy: ~3.20e-19 (-40.79dB)
[@    34m39s] Timestep:        29400 || Speed:  167.1 MC/s (1.150e-01 s/TS) || Energy: ~3.20e-19 (-40.79dB)
[@    35m24s] Timestep:        29792 || Speed:  167.5 MC/s (1.147e-01 s/TS) || Energy: ~3.20e-19 (-40.79dB)
[@    35m29s] Timestep:        29830 || Speed:  171.8 MC/s (1.119e-01 s/TS) || Energy: ~2.28e-19 (-42.25dB)
[@    36m09s] Timestep:        30184 || Speed:  168.4 MC/s (1.141e-01 s/TS) || Energy: ~2.28e-19 (-42.25dB)
[@    36m54s] Timestep:        30576 || Speed:  167.6 MC/s (1.147e-01 s/TS) || Energy: ~2.28e-19 (-42.25dB)
[@    37m39s] Timestep:        30968 || Speed:  167.7 MC/s (1.146e-01 s/TS) || Energy: ~2.28e-19 (-42.25dB)
[@    38m24s] Timestep:        31360 || Speed:  167.6 MC/s (1.146e-01 s/TS) || Energy: ~2.28e-19 (-42.25dB)
[@    38m28s] Timestep:        31400 || Speed:  164.9 MC/s (1.165e-01 s/TS) || Energy: ~1.64e-19 (-43.68dB)
[@    39m09s] Timestep:        31752 || Speed:  168.1 MC/s (1.143e-01 s/TS) || Energy: ~1.64e-19 (-43.68dB)
[@    39m53s] Timestep:        32144 || Speed:  169.1 MC/s (1.137e-01 s/TS) || Energy: ~1.64e-19 (-43.68dB)
[@    40m38s] Timestep:        32536 || Speed:  167.5 MC/s (1.147e-01 s/TS) || Energy: ~1.64e-19 (-43.68dB)
[@    41m23s] Timestep:        32928 || Speed:  167.8 MC/s (1.145e-01 s/TS) || Energy: ~1.64e-19 (-43.68dB)
[@    41m28s] Timestep:        32970 || Speed:  164.0 MC/s (1.172e-01 s/TS) || Energy: ~1.20e-19 (-45.05dB)
[@    42m08s] Timestep:        33320 || Speed:  168.1 MC/s (1.143e-01 s/TS) || Energy: ~1.20e-19 (-45.05dB)
[@    42m53s] Timestep:        33712 || Speed:  167.8 MC/s (1.145e-01 s/TS) || Energy: ~1.20e-19 (-45.05dB)
[@    43m38s] Timestep:        34104 || Speed:  169.1 MC/s (1.137e-01 s/TS) || Energy: ~1.20e-19 (-45.05dB)
[@    44m22s] Timestep:        34496 || Speed:  167.5 MC/s (1.148e-01 s/TS) || Energy: ~1.20e-19 (-45.05dB)
[@    44m28s] Timestep:        34540 || Speed:  164.7 MC/s (1.167e-01 s/TS) || Energy: ~8.90e-20 (-46.34dB)
[@    45m08s] Timestep:        34888 || Speed:  167.0 MC/s (1.150e-01 s/TS) || Energy: ~8.90e-20 (-46.34dB)
[@    45m53s] Timestep:        35280 || Speed:  167.0 MC/s (1.151e-01 s/TS) || Energy: ~8.90e-20 (-46.34dB)
[@    46m38s] Timestep:        35672 || Speed:  167.8 MC/s (1.145e-01 s/TS) || Energy: ~8.90e-20 (-46.34dB)
[@    47m22s] Timestep:        36064 || Speed:  170.0 MC/s (1.130e-01 s/TS) || Energy: ~8.90e-20 (-46.34dB)
[@    47m27s] Timestep:        36110 || Speed:  165.5 MC/s (1.161e-01 s/TS) || Energy: ~6.80e-20 (-47.51dB)
[@    48m07s] Timestep:        36456 || Speed:  169.1 MC/s (1.137e-01 s/TS) || Energy: ~6.80e-20 (-47.51dB)
[@    48m51s] Timestep:        36848 || Speed:  168.9 MC/s (1.138e-01 s/TS) || Energy: ~6.80e-20 (-47.51dB)
[@    49m36s] Timestep:        37240 || Speed:  168.9 MC/s (1.137e-01 s/TS) || Energy: ~6.80e-20 (-47.51dB)
[@    50m20s] Timestep:        37632 || Speed:  169.0 MC/s (1.137e-01 s/TS) || Energy: ~6.80e-20 (-47.51dB)
[@    50m26s] Timestep:        37680 || Speed:  173.1 MC/s (1.110e-01 s/TS) || Energy: ~5.39e-20 (-48.52dB)
[@    51m05s] Timestep:        38024 || Speed:  170.0 MC/s (1.130e-01 s/TS) || Energy: ~5.39e-20 (-48.52dB)
[@    51m49s] Timestep:        38416 || Speed:  169.7 MC/s (1.133e-01 s/TS) || Energy: ~5.39e-20 (-48.52dB)
[@    52m33s] Timestep:        38808 || Speed:  169.5 MC/s (1.134e-01 s/TS) || Energy: ~5.39e-20 (-48.52dB)
[@    53m18s] Timestep:        39200 || Speed:  169.6 MC/s (1.133e-01 s/TS) || Energy: ~5.39e-20 (-48.52dB)
[@    53m24s] Timestep:        39250 || Speed:  166.5 MC/s (1.154e-01 s/TS) || Energy: ~4.48e-20 (-49.33dB)
[@    54m02s] Timestep:        39592 || Speed:  169.9 MC/s (1.131e-01 s/TS) || Energy: ~4.48e-20 (-49.33dB)
[@    54m46s] Timestep:        39984 || Speed:  170.9 MC/s (1.125e-01 s/TS) || Energy: ~4.48e-20 (-49.33dB)
[@    55m31s] Timestep:        40376 || Speed:  168.9 MC/s (1.138e-01 s/TS) || Energy: ~4.48e-20 (-49.33dB)
[@    56m16s] Timestep:        40768 || Speed:  169.2 MC/s (1.135e-01 s/TS) || Energy: ~4.48e-20 (-49.33dB)
[@    56m22s] Timestep:        40820 || Speed:  166.0 MC/s (1.157e-01 s/TS) || Energy: ~3.89e-20 (-49.93dB)
[@    57m00s] Timestep:        41160 || Speed:  169.7 MC/s (1.133e-01 s/TS) || Energy: ~3.89e-20 (-49.93dB)
[@    57m45s] Timestep:        41552 || Speed:  169.4 MC/s (1.134e-01 s/TS) || Energy: ~3.89e-20 (-49.93dB)
[@    58m29s] Timestep:        41944 || Speed:  169.6 MC/s (1.133e-01 s/TS) || Energy: ~3.89e-20 (-49.93dB)
[@    59m13s] Timestep:        42336 || Speed:  169.6 MC/s (1.133e-01 s/TS) || Energy: ~3.89e-20 (-49.93dB)
[@    59m20s] Timestep:        42390 || Speed:  166.2 MC/s (1.156e-01 s/TS) || Energy: ~3.53e-20 (-50.36dB)
RunFDTD: end-criteria of -50.00dB reached after 42390 timesteps (-50.36dB)
Time for 42390 iterations with 19216290.00 cells : 3560.08 sec
Speed: 228.81 MCells/s
exit 0
